Component: ARM Compiler 6.16 Tool: armlink [5dfeaa00]

==============================================================================

Section Cross References

    startup_stm32f103xb.o(RESET) refers to startup_stm32f103xb.o(STACK) for __initial_sp
    startup_stm32f103xb.o(RESET) refers to startup_stm32f103xb.o(.text) for Reset_Handler
    startup_stm32f103xb.o(RESET) refers to stm32f1xx_it.o(.text.NMI_Handler) for NMI_Handler
    startup_stm32f103xb.o(RESET) refers to stm32f1xx_it.o(.text.HardFault_Handler) for HardFault_Handler
    startup_stm32f103xb.o(RESET) refers to stm32f1xx_it.o(.text.MemManage_Handler) for MemManage_Handler
    startup_stm32f103xb.o(RESET) refers to stm32f1xx_it.o(.text.BusFault_Handler) for BusFault_Handler
    startup_stm32f103xb.o(RESET) refers to stm32f1xx_it.o(.text.UsageFault_Handler) for UsageFault_Handler
    startup_stm32f103xb.o(RESET) refers to stm32f1xx_it.o(.text.SVC_Handler) for SVC_Handler
    startup_stm32f103xb.o(RESET) refers to stm32f1xx_it.o(.text.DebugMon_Handler) for DebugMon_Handler
    startup_stm32f103xb.o(RESET) refers to stm32f1xx_it.o(.text.PendSV_Handler) for PendSV_Handler
    startup_stm32f103xb.o(RESET) refers to stm32f1xx_it.o(.text.SysTick_Handler) for SysTick_Handler
    startup_stm32f103xb.o(RESET) refers to stm32f1xx_it.o(.text.USART1_IRQHandler) for USART1_IRQHandler
    startup_stm32f103xb.o(.text) refers to system_stm32f1xx.o(.text.SystemInit) for SystemInit
    startup_stm32f103xb.o(.text) refers to entry.o(.ARM.Collect$$$$00000000) for __main
    main.o(.text.main) refers to stm32f1xx_hal.o(.text.HAL_Init) for HAL_Init
    main.o(.text.main) refers to main.o(.text.SystemClock_Config) for SystemClock_Config
    main.o(.text.main) refers to gpio.o(.text.MX_GPIO_Init) for MX_GPIO_Init
    main.o(.text.main) refers to usart.o(.text.MX_USART1_UART_Init) for MX_USART1_UART_Init
    main.o(.text.main) refers to tim.o(.text.MX_TIM3_Init) for MX_TIM3_Init
    main.o(.text.main) refers to motor.o(.text.motor_test) for motor_test
    main.o(.text.main) refers to key.o(.text.key_scan) for key_scan
    main.o(.ARM.exidx.text.main) refers to main.o(.text.main) for [Anonymous Symbol]
    main.o(.text.SystemClock_Config) refers to memseta.o(.text) for __aeabi_memclr4
    main.o(.text.SystemClock_Config) refers to stm32f1xx_hal_rcc.o(.text.HAL_RCC_OscConfig) for HAL_RCC_OscConfig
    main.o(.text.SystemClock_Config) refers to stm32f1xx_hal_rcc.o(.text.HAL_RCC_ClockConfig) for HAL_RCC_ClockConfig
    main.o(.text.SystemClock_Config) refers to main.o(.text.Error_Handler) for Error_Handler
    main.o(.ARM.exidx.text.SystemClock_Config) refers to main.o(.text.SystemClock_Config) for [Anonymous Symbol]
    main.o(.ARM.exidx.text.Error_Handler) refers to main.o(.text.Error_Handler) for [Anonymous Symbol]
    gpio.o(.text.MX_GPIO_Init) refers to stm32f1xx_hal_gpio.o(.text.HAL_GPIO_WritePin) for HAL_GPIO_WritePin
    gpio.o(.text.MX_GPIO_Init) refers to stm32f1xx_hal_gpio.o(.text.HAL_GPIO_Init) for HAL_GPIO_Init
    gpio.o(.ARM.exidx.text.MX_GPIO_Init) refers to gpio.o(.text.MX_GPIO_Init) for [Anonymous Symbol]
    tim.o(.text.MX_TIM3_Init) refers to tim.o(.bss.htim3) for htim3
    tim.o(.text.MX_TIM3_Init) refers to stm32f1xx_hal_tim.o(.text.HAL_TIM_Base_Init) for HAL_TIM_Base_Init
    tim.o(.text.MX_TIM3_Init) refers to main.o(.text.Error_Handler) for Error_Handler
    tim.o(.text.MX_TIM3_Init) refers to stm32f1xx_hal_tim.o(.text.HAL_TIM_ConfigClockSource) for HAL_TIM_ConfigClockSource
    tim.o(.text.MX_TIM3_Init) refers to stm32f1xx_hal_tim.o(.text.HAL_TIM_PWM_Init) for HAL_TIM_PWM_Init
    tim.o(.text.MX_TIM3_Init) refers to stm32f1xx_hal_tim_ex.o(.text.HAL_TIMEx_MasterConfigSynchronization) for HAL_TIMEx_MasterConfigSynchronization
    tim.o(.text.MX_TIM3_Init) refers to stm32f1xx_hal_tim.o(.text.HAL_TIM_PWM_ConfigChannel) for HAL_TIM_PWM_ConfigChannel
    tim.o(.text.MX_TIM3_Init) refers to tim.o(.text.HAL_TIM_MspPostInit) for HAL_TIM_MspPostInit
    tim.o(.ARM.exidx.text.MX_TIM3_Init) refers to tim.o(.text.MX_TIM3_Init) for [Anonymous Symbol]
    tim.o(.text.HAL_TIM_MspPostInit) refers to stm32f1xx_hal_gpio.o(.text.HAL_GPIO_Init) for HAL_GPIO_Init
    tim.o(.ARM.exidx.text.HAL_TIM_MspPostInit) refers to tim.o(.text.HAL_TIM_MspPostInit) for [Anonymous Symbol]
    tim.o(.ARM.exidx.text.HAL_TIM_Base_MspInit) refers to tim.o(.text.HAL_TIM_Base_MspInit) for [Anonymous Symbol]
    tim.o(.ARM.exidx.text.HAL_TIM_Base_MspDeInit) refers to tim.o(.text.HAL_TIM_Base_MspDeInit) for [Anonymous Symbol]
    usart.o(.text.MX_USART1_UART_Init) refers to usart.o(.bss.huart1) for huart1
    usart.o(.text.MX_USART1_UART_Init) refers to stm32f1xx_hal_uart.o(.text.HAL_UART_Init) for HAL_UART_Init
    usart.o(.text.MX_USART1_UART_Init) refers to main.o(.text.Error_Handler) for Error_Handler
    usart.o(.ARM.exidx.text.MX_USART1_UART_Init) refers to usart.o(.text.MX_USART1_UART_Init) for [Anonymous Symbol]
[...]
    Removing stm32f1xx_hal_dma.o(.ARM.exidx.text.HAL_DMA_UnRegisterCallback), (8 bytes).
    Removing stm32f1xx_hal_dma.o(.text.HAL_DMA_GetState), (6 bytes).
    Removing stm32f1xx_hal_dma.o(.ARM.exidx.text.HAL_DMA_GetState), (8 bytes).
    Removing stm32f1xx_hal_dma.o(.text.HAL_DMA_GetError), (4 bytes).
    Removing stm32f1xx_hal_dma.o(.ARM.exidx.text.HAL_DMA_GetError), (8 bytes).
    Removing stm32f1xx_hal_cortex.o(.text), (0 bytes).
    Removing stm32f1xx_hal_cortex.o(.ARM.exidx.text.HAL_NVIC_SetPriorityGrouping), (8 bytes).
    Removing stm32f1xx_hal_cortex.o(.ARM.exidx.text.__NVIC_SetPriorityGrouping), (8 bytes).
    Removing stm32f1xx_hal_cortex.o(.ARM.exidx.text.HAL_NVIC_SetPriority), (8 bytes).
    Removing stm32f1xx_hal_cortex.o(.ARM.exidx.text.__NVIC_GetPriorityGrouping), (8 bytes).
    Removing stm32f1xx_hal_cortex.o(.ARM.exidx.text.__NVIC_SetPriority), (8 bytes).
    Removing stm32f1xx_hal_cortex.o(.ARM.exidx.text.NVIC_EncodePriority), (8 bytes).
    Removing stm32f1xx_hal_cortex.o(.ARM.exidx.text.HAL_NVIC_EnableIRQ), (8 bytes).
    Removing stm32f1xx_hal_cortex.o(.ARM.exidx.text.__NVIC_EnableIRQ), (8 bytes).
    Removing stm32f1xx_hal_cortex.o(.text.HAL_NVIC_DisableIRQ), (8 bytes).
    Removing stm32f1xx_hal_cortex.o(.ARM.exidx.text.HAL_NVIC_DisableIRQ), (8 bytes).
    Removing stm32f1xx_hal_cortex.o(.text.__NVIC_DisableIRQ), (40 bytes).
    Removing stm32f1xx_hal_cortex.o(.ARM.exidx.text.__NVIC_DisableIRQ), (8 bytes).
    Removing stm32f1xx_hal_cortex.o(.text.HAL_NVIC_SystemReset), (4 bytes).
    Removing stm32f1xx_hal_cortex.o(.ARM.exidx.text.HAL_NVIC_SystemReset), (8 bytes).
    Removing stm32f1xx_hal_cortex.o(.text.__NVIC_SystemReset), (36 bytes).
    Removing stm32f1xx_hal_cortex.o(.ARM.exidx.text.__NVIC_SystemReset), (8 bytes).
    Removing stm32f1xx_hal_cortex.o(.ARM.exidx.text.HAL_SYSTICK_Config), (8 bytes).
    Removing stm32f1xx_hal_cortex.o(.ARM.exidx.text.SysTick_Config), (8 bytes).
    Removing stm32f1xx_hal_cortex.o(.text.HAL_NVIC_GetPriorityGrouping), (8 bytes).
    Removing stm32f1xx_hal_cortex.o(.ARM.exidx.text.HAL_NVIC_GetPriorityGrouping), (8 bytes).
    Removing stm32f1xx_hal_cortex.o(.text.HAL_NVIC_GetPriority), (24 bytes).
    Removing stm32f1xx_hal_cortex.o(.ARM.exidx.text.HAL_NVIC_GetPriority), (8 bytes).
    Removing stm32f1xx_hal_cortex.o(.text.NVIC_DecodePriority), (56 bytes).
    Removing stm32f1xx_hal_cortex.o(.ARM.exidx.text.NVIC_DecodePriority), (8 bytes).
    Removing stm32f1xx_hal_cortex.o(.text.__NVIC_GetPriority), (34 bytes).
    Removing stm32f1xx_hal_cortex.o(.ARM.exidx.text.__NVIC_GetPriority), (8 bytes).
    Removing stm32f1xx_hal_cortex.o(.text.HAL_NVIC_SetPendingIRQ), (8 bytes).
    Removing stm32f1xx_hal_cortex.o(.ARM.exidx.text.HAL_NVIC_SetPendingIRQ), (8 bytes).
    Removing stm32f1xx_hal_cortex.o(.text.__NVIC_SetPendingIRQ), (32 bytes).
    Removing stm32f1xx_hal_cortex.o(.ARM.exidx.text.__NVIC_SetPendingIRQ), (8 bytes).
    Removing stm32f1xx_hal_cortex.o(.text.HAL_NVIC_GetPendingIRQ), (8 bytes).
    Removing stm32f1xx_hal_cortex.o(.ARM.exidx.text.HAL_NVIC_GetPendingIRQ), (8 bytes).
    Removing stm32f1xx_hal_cortex.o(.text.__NVIC_GetPendingIRQ), (36 bytes).
    Removing stm32f1xx_hal_cortex.o(.ARM.exidx.text.__NVIC_GetPendingIRQ), (8 bytes).
    Removing stm32f1xx_hal_cortex.o(.text.HAL_NVIC_ClearPendingIRQ), (8 bytes).
    Removing stm32f1xx_hal_cortex.o(.ARM.exidx.text.HAL_NVIC_ClearPendingIRQ), (8 bytes).
    Removing stm32f1xx_hal_cortex.o(.text.__NVIC_ClearPendingIRQ), (32 bytes).
    Removing stm32f1xx_hal_cortex.o(.ARM.exidx.text.__NVIC_ClearPendingIRQ), (8 bytes).
    Removing stm32f1xx_hal_cortex.o(.text.HAL_NVIC_GetActive), (8 bytes).
    Removing stm32f1xx_hal_cortex.o(.ARM.exidx.text.HAL_NVIC_GetActive), (8 bytes).
    Removing stm32f1xx_hal_cortex.o(.text.__NVIC_GetActive), (36 bytes).
    Removing stm32f1xx_hal_cortex.o(.ARM.exidx.text.__NVIC_GetActive), (8 bytes).
    Removing stm32f1xx_hal_cortex.o(.text.HAL_SYSTICK_CLKSourceConfig), (24 bytes).
    Removing stm32f1xx_hal_cortex.o(.ARM.exidx.text.HAL_SYSTICK_CLKSourceConfig), (8 bytes).
    Removing stm32f1xx_hal_cortex.o(.text.HAL_SYSTICK_IRQHandler), (8 bytes).
    Removing stm32f1xx_hal_cortex.o(.ARM.exidx.text.HAL_SYSTICK_IRQHandler), (8 bytes).
    Removing stm32f1xx_hal_cortex.o(.text.HAL_SYSTICK_Callback), (2 bytes).
    Removing stm32f1xx_hal_cortex.o(.ARM.exidx.text.HAL_SYSTICK_Callback), (8 bytes).
    Removing stm32f1xx_hal_pwr.o(.text), (0 bytes).
    Removing stm32f1xx_hal_pwr.o(.text.HAL_PWR_DeInit), (26 bytes).
    Removing stm32f1xx_hal_pwr.o(.ARM.exidx.text.HAL_PWR_DeInit), (8 bytes).
    Removing stm32f1xx_hal_pwr.o(.text.HAL_PWR_EnableBkUpAccess), (12 bytes).
    Removing stm32f1xx_hal_pwr.o(.ARM.exidx.text.HAL_PWR_EnableBkUpAccess), (8 bytes).
    Removing stm32f1xx_hal_pwr.o(.text.HAL_PWR_DisableBkUpAccess), (12 bytes).
    Removing stm32f1xx_hal_pwr.o(.ARM.exidx.text.HAL_PWR_DisableBkUpAccess), (8 bytes).
    Removing stm32f1xx_hal_pwr.o(.text.HAL_PWR_ConfigPVD), (128 bytes).
    Removing stm32f1xx_hal_pwr.o(.ARM.exidx.text.HAL_PWR_ConfigPVD), (8 bytes).
    Removing stm32f1xx_hal_pwr.o(.text.HAL_PWR_EnablePVD), (12 bytes).
    Removing stm32f1xx_hal_pwr.o(.ARM.exidx.text.HAL_PWR_EnablePVD), (8 bytes).
    Removing stm32f1xx_hal_pwr.o(.text.HAL_PWR_DisablePVD), (12 bytes).
    Removing stm32f1xx_hal_pwr.o(.ARM.exidx.text.HAL_PWR_DisablePVD), (8 bytes).
    Removing stm32f1xx_hal_pwr.o(.text.HAL_PWR_EnableWakeUpPin), (22 bytes).
    Removing stm32f1xx_hal_pwr.o(.ARM.exidx.text.HAL_PWR_EnableWakeUpPin), (8 bytes).
    Removing stm32f1xx_hal_pwr.o(.text.HAL_PWR_DisableWakeUpPin), (22 bytes).
    Removing stm32f1xx_hal_pwr.o(.ARM.exidx.text.HAL_PWR_DisableWakeUpPin), (8 bytes).
    Removing stm32f1xx_hal_pwr.o(.text.HAL_PWR_EnterSLEEPMode), (30 bytes).
    Removing stm32f1xx_hal_pwr.o(.ARM.exidx.text.HAL_PWR_EnterSLEEPMode), (8 bytes).
    Removing stm32f1xx_hal_pwr.o(.text.HAL_PWR_EnterSTOPMode), (72 bytes).
    Removing stm32f1xx_hal_pwr.o(.ARM.exidx.text.HAL_PWR_EnterSTOPMode), (8 bytes).
    Removing stm32f1xx_hal_pwr.o(.text.PWR_OverloadWfe), (6 bytes).
    Removing stm32f1xx_hal_pwr.o(.ARM.exidx.text.PWR_OverloadWfe), (8 bytes).
    Removing stm32f1xx_hal_pwr.o(.text.HAL_PWR_EnterSTANDBYMode), (36 bytes).
    Removing stm32f1xx_hal_pwr.o(.ARM.exidx.text.HAL_PWR_EnterSTANDBYMode), (8 bytes).
    Removing stm32f1xx_hal_pwr.o(.text.HAL_PWR_EnableSleepOnExit), (18 bytes).
    Removing stm32f1xx_hal_pwr.o(.ARM.exidx.text.HAL_PWR_EnableSleepOnExit), (8 bytes).
    Removing stm32f1xx_hal_pwr.o(.text.HAL_PWR_DisableSleepOnExit), (18 bytes).
    Removing stm32f1xx_hal_pwr.o(.ARM.exidx.text.HAL_PWR_DisableSleepOnExit), (8 bytes).
    Removing stm32f1xx_hal_pwr.o(.text.HAL_PWR_EnableSEVOnPend), (18 bytes).
    Removing stm32f1xx_hal_pwr.o(.ARM.exidx.text.HAL_PWR_EnableSEVOnPend), (8 bytes).
    Removing stm32f1xx_hal_pwr.o(.text.HAL_PWR_DisableSEVOnPend), (18 bytes).
    Removing stm32f1xx_hal_pwr.o(.ARM.exidx.text.HAL_PWR_DisableSEVOnPend), (8 bytes).
    Removing stm32f1xx_hal_pwr.o(.text.HAL_PWR_PVD_IRQHandler), (30 bytes).
    Removing stm32f1xx_hal_pwr.o(.ARM.exidx.text.HAL_PWR_PVD_IRQHandler), (8 bytes).
    Removing stm32f1xx_hal_pwr.o(.text.HAL_PWR_PVDCallback), (2 bytes).
    Removing stm32f1xx_hal_pwr.o(.ARM.exidx.text.HAL_PWR_PVDCallback), (8 bytes).
    Removing stm32f1xx_hal_flash.o(.text), (0 bytes).
    Removing stm32f1xx_hal_flash.o(.text.HAL_FLASH_Program), (178 bytes).
    Removing stm32f1xx_hal_flash.o(.ARM.exidx.text.HAL_FLASH_Program), (8 bytes).
    Removing stm32f1xx_hal_flash.o(.text.FLASH_WaitForLastOperation), (106 bytes).
    Removing stm32f1xx_hal_flash.o(.ARM.exidx.text.FLASH_WaitForLastOperation), (8 bytes).
    Removing stm32f1xx_hal_flash.o(.text.FLASH_Program_HalfWord), (32 bytes).
    Removing stm32f1xx_hal_flash.o(.ARM.exidx.text.FLASH_Program_HalfWord), (8 bytes).
    Removing stm32f1xx_hal_flash.o(.text.HAL_FLASH_Program_IT), (100 bytes).
    Removing stm32f1xx_hal_flash.o(.ARM.exidx.text.HAL_FLASH_Program_IT), (8 bytes).
    Removing stm32f1xx_hal_flash.o(.text.HAL_FLASH_IRQHandler), (288 bytes).
    Removing stm32f1xx_hal_flash.o(.ARM.exidx.text.HAL_FLASH_IRQHandler), (8 bytes).
    Removing stm32f1xx_hal_flash.o(.text.FLASH_SetErrorCode), (80 bytes).
    Removing stm32f1xx_hal_flash.o(.ARM.exidx.text.FLASH_SetErrorCode), (8 bytes).
    Removing stm32f1xx_hal_flash.o(.text.HAL_FLASH_OperationErrorCallback), (2 bytes).
    Removing stm32f1xx_hal_flash.o(.ARM.exidx.text.HAL_FLASH_OperationErrorCallback), (8 bytes).
    Removing stm32f1xx_hal_flash.o(.text.HAL_FLASH_EndOfOperationCallback), (2 bytes).
    Removing stm32f1xx_hal_flash.o(.ARM.exidx.text.HAL_FLASH_EndOfOperationCallback), (8 bytes).
    Removing stm32f1xx_hal_flash.o(.text.HAL_FLASH_Unlock), (46 bytes).
    Removing stm32f1xx_hal_flash.o(.ARM.exidx.text.HAL_FLASH_Unlock), (8 bytes).
    Removing stm32f1xx_hal_flash.o(.text.HAL_FLASH_Lock), (20 bytes).
    Removing stm32f1xx_hal_flash.o(.ARM.exidx.text.HAL_FLASH_Lock), (8 bytes).
    Removing stm32f1xx_hal_flash.o(.text.HAL_FLASH_OB_Unlock), (42 bytes).
    Removing stm32f1xx_hal_flash.o(.ARM.exidx.text.HAL_FLASH_OB_Unlock), (8 bytes).
    Removing stm32f1xx_hal_flash.o(.text.HAL_FLASH_OB_Lock), (20 bytes).
    Removing stm32f1xx_hal_flash.o(.ARM.exidx.text.HAL_FLASH_OB_Lock), (8 bytes).
    Removing stm32f1xx_hal_flash.o(.text.HAL_FLASH_OB_Launch), (8 bytes).
    Removing stm32f1xx_hal_flash.o(.ARM.exidx.text.HAL_FLASH_OB_Launch), (8 bytes).
    Removing stm32f1xx_hal_flash.o(.text.HAL_FLASH_GetError), (12 bytes).
    Removing stm32f1xx_hal_flash.o(.ARM.exidx.text.HAL_FLASH_GetError), (8 bytes).
    Removing stm32f1xx_hal_flash.o(.bss.pFlash), (32 bytes).
    Removing stm32f1xx_hal_flash_ex.o(.text), (0 bytes).
    Removing stm32f1xx_hal_flash_ex.o(.text.HAL_FLASHEx_Erase), (178 bytes).
    Removing stm32f1xx_hal_flash_ex.o(.ARM.exidx.text.HAL_FLASHEx_Erase), (8 bytes).
    Removing stm32f1xx_hal_flash_ex.o(.text.FLASH_MassErase), (38 bytes).
    Removing stm32f1xx_hal_flash_ex.o(.ARM.exidx.text.FLASH_MassErase), (8 bytes).
    Removing stm32f1xx_hal_flash_ex.o(.text.FLASH_PageErase), (40 bytes).
    Removing stm32f1xx_hal_flash_ex.o(.ARM.exidx.text.FLASH_PageErase), (8 bytes).
    Removing stm32f1xx_hal_flash_ex.o(.text.HAL_FLASHEx_Erase_IT), (88 bytes).
    Removing stm32f1xx_hal_flash_ex.o(.ARM.exidx.text.HAL_FLASHEx_Erase_IT), (8 bytes).
    Removing stm32f1xx_hal_flash_ex.o(.text.HAL_FLASHEx_OBErase), (86 bytes).
    Removing stm32f1xx_hal_flash_ex.o(.ARM.exidx.text.HAL_FLASHEx_OBErase), (8 bytes).
    Removing stm32f1xx_hal_flash_ex.o(.text.FLASH_OB_GetRDP), (22 bytes).
    Removing stm32f1xx_hal_flash_ex.o(.ARM.exidx.text.FLASH_OB_GetRDP), (8 bytes).
    Removing stm32f1xx_hal_flash_ex.o(.text.FLASH_OB_RDP_LevelConfig), (110 bytes).
    Removing stm32f1xx_hal_flash_ex.o(.ARM.exidx.text.FLASH_OB_RDP_LevelConfig), (8 bytes).
    Removing stm32f1xx_hal_flash_ex.o(.text.HAL_FLASHEx_OBProgram), (102 bytes).
    Removing stm32f1xx_hal_flash_ex.o(.ARM.exidx.text.HAL_FLASHEx_OBProgram), (8 bytes).
    Removing stm32f1xx_hal_flash_ex.o(.text.FLASH_OB_EnableWRP), (190 bytes).
    Removing stm32f1xx_hal_flash_ex.o(.ARM.exidx.text.FLASH_OB_EnableWRP), (8 bytes).
    Removing stm32f1xx_hal_flash_ex.o(.text.FLASH_OB_DisableWRP), (190 bytes).
    Removing stm32f1xx_hal_flash_ex.o(.ARM.exidx.text.FLASH_OB_DisableWRP), (8 bytes).
    Removing stm32f1xx_hal_flash_ex.o(.text.FLASH_OB_UserConfig), (78 bytes).
    Removing stm32f1xx_hal_flash_ex.o(.ARM.exidx.text.FLASH_OB_UserConfig), (8 bytes).
    Removing stm32f1xx_hal_flash_ex.o(.text.FLASH_OB_ProgramData), (68 bytes).
    Removing stm32f1xx_hal_flash_ex.o(.ARM.exidx.text.FLASH_OB_ProgramData), (8 bytes).
    Removing stm32f1xx_hal_flash_ex.o(.text.HAL_FLASHEx_OBGetConfig), (28 bytes).
    Removing stm32f1xx_hal_flash_ex.o(.ARM.exidx.text.HAL_FLASHEx_OBGetConfig), (8 bytes).
    Removing stm32f1xx_hal_flash_ex.o(.text.FLASH_OB_GetWRP), (12 bytes).
    Removing stm32f1xx_hal_flash_ex.o(.ARM.exidx.text.FLASH_OB_GetWRP), (8 bytes).
    Removing stm32f1xx_hal_flash_ex.o(.text.FLASH_OB_GetUser), (16 bytes).
    Removing stm32f1xx_hal_flash_ex.o(.ARM.exidx.text.FLASH_OB_GetUser), (8 bytes).
    Removing stm32f1xx_hal_flash_ex.o(.text.HAL_FLASHEx_OBGetUserData), (34 bytes).
    Removing stm32f1xx_hal_flash_ex.o(.ARM.exidx.text.HAL_FLASHEx_OBGetUserData), (8 bytes).
    Removing stm32f1xx_hal_exti.o(.text), (0 bytes).
    Removing stm32f1xx_hal_exti.o(.text.HAL_EXTI_SetConfigLine), (180 bytes).
    Removing stm32f1xx_hal_exti.o(.ARM.exidx.text.HAL_EXTI_SetConfigLine), (8 bytes).
    Removing stm32f1xx_hal_exti.o(.text.HAL_EXTI_GetConfigLine), (154 bytes).
    Removing stm32f1xx_hal_exti.o(.ARM.exidx.text.HAL_EXTI_GetConfigLine), (8 bytes).
    Removing stm32f1xx_hal_exti.o(.text.HAL_EXTI_ClearConfigLine), (136 bytes).
    Removing stm32f1xx_hal_exti.o(.ARM.exidx.text.HAL_EXTI_ClearConfigLine), (8 bytes).
    Removing stm32f1xx_hal_exti.o(.text.HAL_EXTI_RegisterCallback), (12 bytes).
    Removing stm32f1xx_hal_exti.o(.ARM.exidx.text.HAL_EXTI_RegisterCallback), (8 bytes).
    Removing stm32f1xx_hal_exti.o(.text.HAL_EXTI_GetHandle), (12 bytes).
    Removing stm32f1xx_hal_exti.o(.ARM.exidx.text.HAL_EXTI_GetHandle), (8 bytes).
    Removing stm32f1xx_hal_exti.o(.text.HAL_EXTI_IRQHandler), (44 bytes).
    Removing stm32f1xx_hal_exti.o(.ARM.exidx.text.HAL_EXTI_IRQHandler), (8 bytes).
    Removing stm32f1xx_hal_exti.o(.text.HAL_EXTI_GetPending), (28 bytes).
    Removing stm32f1xx_hal_exti.o(.ARM.exidx.text.HAL_EXTI_GetPending), (8 bytes).
    Removing stm32f1xx_hal_exti.o(.text.HAL_EXTI_ClearPending), (24 bytes).
    Removing stm32f1xx_hal_exti.o(.ARM.exidx.text.HAL_EXTI_ClearPending), (8 bytes).
    Removing stm32f1xx_hal_exti.o(.text.HAL_EXTI_GenerateSWI), (24 bytes).
    Removing stm32f1xx_hal_exti.o(.ARM.exidx.text.HAL_EXTI_GenerateSWI), (8 bytes).
    Removing stm32f1xx_hal_uart.o(.text), (0 bytes).
    Removing stm32f1xx_hal_uart.o(.ARM.exidx.text.HAL_UART_Init), (8 bytes).
    Removing stm32f1xx_hal_uart.o(.text.HAL_UART_MspInit), (2 bytes).
    Removing stm32f1xx_hal_uart.o(.ARM.exidx.text.HAL_UART_MspInit), (8 bytes).
    Removing stm32f1xx_hal_uart.o(.ARM.exidx.text.UART_SetConfig), (8 bytes).
    Removing stm32f1xx_hal_uart.o(.text.HAL_HalfDuplex_Init), (102 bytes).
    Removing stm32f1xx_hal_uart.o(.ARM.exidx.text.HAL_HalfDuplex_Init), (8 bytes).
    Removing stm32f1xx_hal_uart.o(.text.HAL_LIN_Init), (118 bytes).
    Removing stm32f1xx_hal_uart.o(.ARM.exidx.text.HAL_LIN_Init), (8 bytes).
    Removing stm32f1xx_hal_uart.o(.text.HAL_MultiProcessor_Init), (126 bytes).
    Removing stm32f1xx_hal_uart.o(.ARM.exidx.text.HAL_MultiProcessor_Init), (8 bytes).
    Removing stm32f1xx_hal_uart.o(.text.HAL_UART_DeInit), (54 bytes).
    Removing stm32f1xx_hal_uart.o(.ARM.exidx.text.HAL_UART_DeInit), (8 bytes).
    Removing stm32f1xx_hal_uart.o(.text.HAL_UART_MspDeInit), (2 bytes).
    Removing stm32f1xx_hal_uart.o(.ARM.exidx.text.HAL_UART_MspDeInit), (8 bytes).
    Removing stm32f1xx_hal_uart.o(.ARM.exidx.text.HAL_UART_Transmit), (8 bytes).
    Removing stm32f1xx_hal_uart.o(.ARM.exidx.text.UART_WaitOnFlagUntilTimeout), (8 bytes).
    Removing stm32f1xx_hal_uart.o(.text.HAL_UART_Receive), (220 bytes).
    Removing stm32f1xx_hal_uart.o(.ARM.exidx.text.HAL_UART_Receive), (8 bytes).
    Removing stm32f1xx_hal_uart.o(.text.HAL_UART_Transmit_IT), (68 bytes).
    Removing stm32f1xx_hal_uart.o(.ARM.exidx.text.HAL_UART_Transmit_IT), (8 bytes).
    Removing stm32f1xx_hal_uart.o(.ARM.exidx.text.HAL_UART_Receive_IT), (8 bytes).
    Removing stm32f1xx_hal_uart.o(.ARM.exidx.text.UART_Start_Receive_IT), (8 bytes).
    Removing stm32f1xx_hal_uart.o(.text.HAL_UART_Transmit_DMA), (122 bytes).
    Removing stm32f1xx_hal_uart.o(.ARM.exidx.text.HAL_UART_Transmit_DMA), (8 bytes).
    Removing stm32f1xx_hal_uart.o(.text.UART_DMATransmitCplt), (42 bytes).
    Removing stm32f1xx_hal_uart.o(.ARM.exidx.text.UART_DMATransmitCplt), (8 bytes).
    Removing stm32f1xx_hal_uart.o(.text.UART_DMATxHalfCplt), (10 bytes).
    Removing stm32f1xx_hal_uart.o(.ARM.exidx.text.UART_DMATxHalfCplt), (8 bytes).
    Removing stm32f1xx_hal_uart.o(.text.UART_DMAError), (76 bytes).
    Removing stm32f1xx_hal_uart.o(.ARM.exidx.text.UART_DMAError), (8 bytes).
    Removing stm32f1xx_hal_uart.o(.text.HAL_UART_Receive_DMA), (56 bytes).
    Removing stm32f1xx_hal_uart.o(.ARM.exidx.text.HAL_UART_Receive_DMA), (8 bytes).
    Removing stm32f1xx_hal_uart.o(.text.UART_Start_Receive_DMA), (114 bytes).
    Removing stm32f1xx_hal_uart.o(.ARM.exidx.text.UART_Start_Receive_DMA), (8 bytes).
    Removing stm32f1xx_hal_uart.o(.text.HAL_UART_DMAPause), (94 bytes).
    Removing stm32f1xx_hal_uart.o(.ARM.exidx.text.HAL_UART_DMAPause), (8 bytes).
    Removing stm32f1xx_hal_uart.o(.text.HAL_UART_DMAResume), (98 bytes).
    Removing stm32f1xx_hal_uart.o(.ARM.exidx.text.HAL_UART_DMAResume), (8 bytes).
    Removing stm32f1xx_hal_uart.o(.text.HAL_UART_DMAStop), (92 bytes).
    Removing stm32f1xx_hal_uart.o(.ARM.exidx.text.HAL_UART_DMAStop), (8 bytes).
    Removing stm32f1xx_hal_uart.o(.text.UART_EndTxTransfer), (18 bytes).
    Removing stm32f1xx_hal_uart.o(.ARM.exidx.text.UART_EndTxTransfer), (8 bytes).
    Removing stm32f1xx_hal_uart.o(.ARM.exidx.text.UART_EndRxTransfer), (8 bytes).
    Removing stm32f1xx_hal_uart.o(.text.HAL_UARTEx_ReceiveToIdle), (304 bytes).
    Removing stm32f1xx_hal_uart.o(.ARM.exidx.text.HAL_UARTEx_ReceiveToIdle), (8 bytes).
    Removing stm32f1xx_hal_uart.o(.ARM.exidx.text.HAL_UARTEx_ReceiveToIdle_IT), (8 bytes).
    Removing stm32f1xx_hal_uart.o(.text.HAL_UARTEx_ReceiveToIdle_DMA), (92 bytes).
    Removing stm32f1xx_hal_uart.o(.ARM.exidx.text.HAL_UARTEx_ReceiveToIdle_DMA), (8 bytes).
    Removing stm32f1xx_hal_uart.o(.text.HAL_UART_Abort), (144 bytes).
    Removing stm32f1xx_hal_uart.o(.ARM.exidx.text.HAL_UART_Abort), (8 bytes).
    Removing stm32f1xx_hal_uart.o(.text.HAL_UART_AbortTransmit), (72 bytes).
    Removing stm32f1xx_hal_uart.o(.ARM.exidx.text.HAL_UART_AbortTransmit), (8 bytes).
    Removing stm32f1xx_hal_uart.o(.text.HAL_UART_AbortReceive), (96 bytes).
    Removing stm32f1xx_hal_uart.o(.ARM.exidx.text.HAL_UART_AbortReceive), (8 bytes).
    Removing stm32f1xx_hal_uart.o(.text.HAL_UART_Abort_IT), (182 bytes).
    Removing stm32f1xx_hal_uart.o(.ARM.exidx.text.HAL_UART_Abort_IT), (8 bytes).
    Removing stm32f1xx_hal_uart.o(.text.UART_DMATxAbortCallback), (46 bytes).
    Removing stm32f1xx_hal_uart.o(.ARM.exidx.text.UART_DMATxAbortCallback), (8 bytes).
    Removing stm32f1xx_hal_uart.o(.text.UART_DMARxAbortCallback), (46 bytes).
    Removing stm32f1xx_hal_uart.o(.ARM.exidx.text.UART_DMARxAbortCallback), (8 bytes).
    Removing stm32f1xx_hal_uart.o(.text.HAL_UART_AbortCpltCallback), (2 bytes).
    Removing stm32f1xx_hal_uart.o(.ARM.exidx.text.HAL_UART_AbortCpltCallback), (8 bytes).
    Removing stm32f1xx_hal_uart.o(.text.HAL_UART_AbortTransmit_IT), (100 bytes).
    Removing stm32f1xx_hal_uart.o(.ARM.exidx.text.HAL_UART_AbortTransmit_IT), (8 bytes).
    Removing stm32f1xx_hal_uart.o(.text.UART_DMATxOnlyAbortCallback), (20 bytes).
    Removing stm32f1xx_hal_uart.o(.ARM.exidx.text.UART_DMATxOnlyAbortCallback), (8 bytes).
    Removing stm32f1xx_hal_uart.o(.text.HAL_UART_AbortTransmitCpltCallback), (2 bytes).
    Removing stm32f1xx_hal_uart.o(.ARM.exidx.text.HAL_UART_AbortTransmitCpltCallback), (8 bytes).
    Removing stm32f1xx_hal_uart.o(.text.HAL_UART_AbortReceive_IT), (126 bytes).
    Removing stm32f1xx_hal_uart.o(.ARM.exidx.text.HAL_UART_AbortReceive_IT), (8 bytes).
    Removing stm32f1xx_hal_uart.o(.text.UART_DMARxOnlyAbortCallback), (22 bytes).
    Removing stm32f1xx_hal_uart.o(.ARM.exidx.text.UART_DMARxOnlyAbortCallback), (8 bytes).
    Removing stm32f1xx_hal_uart.o(.text.HAL_UART_AbortReceiveCpltCallback), (2 bytes).
    Removing stm32f1xx_hal_uart.o(.ARM.exidx.text.HAL_UART_AbortReceiveCpltCallback), (8 bytes).
    Removing stm32f1xx_hal_uart.o(.ARM.exidx.text.HAL_UART_IRQHandler), (8 bytes).
    Removing stm32f1xx_hal_uart.o(.ARM.exidx.text.UART_Receive_IT), (8 bytes).
    Removing stm32f1xx_hal_uart.o(.ARM.exidx.text.UART_DMAAbortOnError), (8 bytes).
    Removing stm32f1xx_hal_uart.o(.ARM.exidx.text.HAL_UART_ErrorCallback), (8 bytes).
    Removing stm32f1xx_hal_uart.o(.text.HAL_UARTEx_RxEventCallback), (2 bytes).
    Removing stm32f1xx_hal_uart.o(.ARM.exidx.text.HAL_UARTEx_RxEventCallback), (8 bytes).
    Removing stm32f1xx_hal_uart.o(.ARM.exidx.text.UART_Transmit_IT), (8 bytes).
    Removing stm32f1xx_hal_uart.o(.ARM.exidx.text.UART_EndTransmit_IT), (8 bytes).
    Removing stm32f1xx_hal_uart.o(.ARM.exidx.text.HAL_UART_TxCpltCallback), (8 bytes).
    Removing stm32f1xx_hal_uart.o(.text.HAL_UART_TxHalfCpltCallback), (2 bytes).
    Removing stm32f1xx_hal_uart.o(.ARM.exidx.text.HAL_UART_TxHalfCpltCallback), (8 bytes).
    Removing stm32f1xx_hal_uart.o(.text.HAL_UART_RxCpltCallback), (2 bytes).
    Removing stm32f1xx_hal_uart.o(.ARM.exidx.text.HAL_UART_RxCpltCallback), (8 bytes).
    Removing stm32f1xx_hal_uart.o(.text.HAL_UART_RxHalfCpltCallback), (2 bytes).
    Removing stm32f1xx_hal_uart.o(.ARM.exidx.text.HAL_UART_RxHalfCpltCallback), (8 bytes).
    Removing stm32f1xx_hal_uart.o(.text.HAL_LIN_SendBreak), (44 bytes).
    Removing stm32f1xx_hal_uart.o(.ARM.exidx.text.HAL_LIN_SendBreak), (8 bytes).
    Removing stm32f1xx_hal_uart.o(.text.HAL_MultiProcessor_EnterMuteMode), (44 bytes).
    Removing stm32f1xx_hal_uart.o(.ARM.exidx.text.HAL_MultiProcessor_EnterMuteMode), (8 bytes).
    Removing stm32f1xx_hal_uart.o(.text.HAL_MultiProcessor_ExitMuteMode), (44 bytes).
    Removing stm32f1xx_hal_uart.o(.ARM.exidx.text.HAL_MultiProcessor_ExitMuteMode), (8 bytes).
    Removing stm32f1xx_hal_uart.o(.text.HAL_HalfDuplex_EnableTransmitter), (44 bytes).
    Removing stm32f1xx_hal_uart.o(.ARM.exidx.text.HAL_HalfDuplex_EnableTransmitter), (8 bytes).
    Removing stm32f1xx_hal_uart.o(.text.HAL_HalfDuplex_EnableReceiver), (46 bytes).
    Removing stm32f1xx_hal_uart.o(.ARM.exidx.text.HAL_HalfDuplex_EnableReceiver), (8 bytes).
    Removing stm32f1xx_hal_uart.o(.text.HAL_UART_GetState), (14 bytes).
    Removing stm32f1xx_hal_uart.o(.ARM.exidx.text.HAL_UART_GetState), (8 bytes).
    Removing stm32f1xx_hal_uart.o(.text.HAL_UART_GetError), (4 bytes).
    Removing stm32f1xx_hal_uart.o(.ARM.exidx.text.HAL_UART_GetError), (8 bytes).
    Removing stm32f1xx_hal_uart.o(.text.UART_DMAReceiveCplt), (82 bytes).
    Removing stm32f1xx_hal_uart.o(.ARM.exidx.text.UART_DMAReceiveCplt), (8 bytes).
    Removing stm32f1xx_hal_uart.o(.text.UART_DMARxHalfCplt), (26 bytes).
    Removing stm32f1xx_hal_uart.o(.ARM.exidx.text.UART_DMARxHalfCplt), (8 bytes).
    Removing system_stm32f1xx.o(.text), (0 bytes).
    Removing system_stm32f1xx.o(.ARM.exidx.text.SystemInit), (8 bytes).
    Removing system_stm32f1xx.o(.text.SystemCoreClockUpdate), (130 bytes).
    Removing system_stm32f1xx.o(.ARM.exidx.text.SystemCoreClockUpdate), (8 bytes).
    Removing led.o(.text), (0 bytes).
    Removing led.o(.text.led_on_off), (26 bytes).
    Removing led.o(.ARM.exidx.text.led_on_off), (8 bytes).
    Removing led.o(.ARM.exidx.text.led_on), (8 bytes).
    Removing led.o(.ARM.exidx.text.led_off), (8 bytes).
    Removing key.o(.text), (0 bytes).
    Removing key.o(.ARM.exidx.text.key_scan), (8 bytes).
    Removing uart.o(.text), (0 bytes).
    Removing uart.o(.ARM.exidx.text.fputc), (8 bytes).
    Removing uart.o(.ARM.exidx.text.uart_interrupt_init), (8 bytes).
    Removing uart.o(.ARM.exidx.text.HAL_UART_RxCpltCallback), (8 bytes).
    Removing uart.o(.ARM.exidx.text.uart_interrupt_idel_init), (8 bytes).
    Removing uart.o(.ARM.exidx.text.HAL_UARTEx_RxEventCallback), (8 bytes).
    Removing uart.o(.text.uart_test), (40 bytes).
    Removing uart.o(.ARM.exidx.text.uart_test), (8 bytes).
    Removing motor.o(.text), (0 bytes).
    Removing motor.o(.ARM.exidx.text.left_motor_forward), (8 bytes).
    Removing motor.o(.ARM.exidx.text.left_motor_reverse), (8 bytes).
    Removing motor.o(.ARM.exidx.text.left_motor_stop), (8 bytes).
    Removing motor.o(.ARM.exidx.text.right_motor_forward), (8 bytes).
    Removing motor.o(.ARM.exidx.text.right_motor_reverse), (8 bytes).
    Removing motor.o(.ARM.exidx.text.right_motor_stop), (8 bytes).
    Removing motor.o(.ARM.exidx.text.motor_forward), (8 bytes).
    Removing motor.o(.ARM.exidx.text.motor_reverse), (8 bytes).
    Removing motor.o(.ARM.exidx.text.motor_turn_left), (8 bytes).
    Removing motor.o(.ARM.exidx.text.motor_turn_right), (8 bytes).
    Removing motor.o(.ARM.exidx.text.motor_stop), (8 bytes).
    Removing motor.o(.ARM.exidx.text.motor_test), (8 bytes).
    Removing dadd.o(.text), (334 bytes).
    Removing dmul.o(.text), (228 bytes).
    Removing ddiv.o(.text), (222 bytes).
    Removing dfixul.o(.text), (48 bytes).
    Removing cdrcmple.o(.text), (48 bytes).
    Removing depilogue.o(.text), (186 bytes).

775 unused section(s) (total 31430 bytes) removed from the image.

==============================================================================

Image Symbol Table

    Local Symbols

    Symbol Name                              Value     Ov Type        Size  Object(Section)

    ../clib/division.s                       0x00000000   Number         0  aeabi_sdiv.o ABSOLUTE
    ../clib/microlib/division.c              0x00000000   Number         0  uidiv.o ABSOLUTE
    ../clib/microlib/division.c              0x00000000   Number         0  uldiv.o ABSOLUTE
    ../clib/microlib/init/entry.s            0x00000000   Number         0  entry.o ABSOLUTE
    ../clib/microlib/init/entry.s            0x00000000   Number         0  entry2.o ABSOLUTE
    ../clib/microlib/init/entry.s            0x00000000   Number         0  entry5.o ABSOLUTE
    ../clib/microlib/init/entry.s            0x00000000   Number         0  entry7a.o ABSOLUTE
    ../clib/microlib/init/entry.s            0x00000000   Number         0  entry7b.o ABSOLUTE
    ../clib/microlib/init/entry.s            0x00000000   Number         0  entry8a.o ABSOLUTE
    ../clib/microlib/init/entry.s            0x00000000   Number         0  entry8b.o ABSOLUTE
    ../clib/microlib/init/entry.s            0x00000000   Number         0  entry9a.o ABSOLUTE
    ../clib/microlib/init/entry.s            0x00000000   Number         0  entry9b.o ABSOLUTE
    ../clib/microlib/init/entry.s            0x00000000   Number         0  entry10a.o ABSOLUTE
    ../clib/microlib/init/entry.s            0x00000000   Number         0  entry10b.o ABSOLUTE
    ../clib/microlib/init/entry.s            0x00000000   Number         0  entry11a.o ABSOLUTE
    ../clib/microlib/init/entry.s            0x00000000   Number         0  entry11b.o ABSOLUTE
    ../clib/microlib/longlong.c              0x00000000   Number         0  llshl.o ABSOLUTE
    ../clib/microlib/longlong.c              0x00000000   Number         0  llushr.o ABSOLUTE
    ../clib/microlib/longlong.c              0x00000000   Number         0  llsshr.o ABSOLUTE
    ../clib/microlib/printf/printf.c         0x00000000   Number         0  printfb.o ABSOLUTE
    ../clib/microlib/printf/printf.c         0x00000000   Number         0  printf0.o ABSOLUTE
    ../clib/microlib/printf/printf.c         0x00000000   Number         0  printf1.o ABSOLUTE
    ../clib/microlib/printf/printf.c         0x00000000   Number         0  printf2.o ABSOLUTE
    ../clib/microlib/printf/printf.c         0x00000000   Number         0  printf3.o ABSOLUTE
    ../clib/microlib/printf/printf.c         0x00000000   Number         0  printf4.o ABSOLUTE
    ../clib/microlib/printf/printf.c         0x00000000   Number         0  printf5.o ABSOLUTE
    ../clib/microlib/printf/printf.c         0x00000000   Number         0  printf6.o ABSOLUTE
    ../clib/microlib/printf/printf.c         0x00000000   Number         0  printf7.o ABSOLUTE
    ../clib/microlib/printf/printf.c         0x00000000   Number         0  printf8.o ABSOLUTE
    ../clib/microlib/printf/printf.c         0x00000000   Number         0  printfa.o ABSOLUTE
    ../clib/microlib/printf/stubs.s          0x00000000   Number         0  printfstubs.o ABSOLUTE
    ../clib/microlib/stdio/puts.c            0x00000000   Number         0  puts.o ABSOLUTE
    ../clib/microlib/stdio/puts.c            0x00000000   Number         0  puts_e.o ABSOLUTE
    ../clib/microlib/stdio/streams.c         0x00000000   Number         0  stdout.o ABSOLUTE
    ../clib/microlib/string/memset.c         0x00000000   Number         0  memseta.o ABSOLUTE
    ../clib/microlib/stubs.s                 0x00000000   Number         0  iusefp.o ABSOLUTE
    ../fplib/microlib/fpadd.c                0x00000000   Number         0  dadd.o ABSOLUTE
    ../fplib/microlib/fpdiv.c                0x00000000   Number         0  ddiv.o ABSOLUTE
    ../fplib/microlib/fpepilogue.c           0x00000000   Number         0  depilogue.o ABSOLUTE
    ../fplib/microlib/fpfix.c                0x00000000   Number         0  dfixul.o ABSOLUTE
    ../fplib/microlib/fpmul.c                0x00000000   Number         0  dmul.o ABSOLUTE
    cdrcmple.s                               0x00000000   Number         0  cdrcmple.o ABSOLUTE
    dc.s                                     0x00000000   Number         0  dc.o ABSOLUTE
    gpio.c                                   0x00000000   Number         0  gpio.o ABSOLUTE
    handlers.s                               0x00000000   Number         0  handlers.o ABSOLUTE
    init.s                                   0x00000000   Number         0  init.o ABSOLUTE
    key.c                                    0x00000000   Number         0  key.o ABSOLUTE
    led.c                                    0x00000000   Number         0  led.o ABSOLUTE
    main.c                                   0x00000000   Number         0  main.o ABSOLUTE
    motor.c                                  0x00000000   Number         0  motor.o ABSOLUTE
    startup_stm32f103xb.s                    0x00000000   Number         0  startup_stm32f103xb.o ABSOLUTE
    stm32f1xx_hal.c                          0x00000000   Number         0  stm32f1xx_hal.o ABSOLUTE
    stm32f1xx_hal_cortex.c                   0x00000000   Number         0  stm32f1xx_hal_cortex.o ABSOLUTE
    stm32f1xx_hal_dma.c                      0x00000000   Number         0  stm32f1xx_hal_dma.o ABSOLUTE
    stm32f1xx_hal_exti.c                     0x00000000   Number         0  stm32f1xx_hal_exti.o ABSOLUTE
    stm32f1xx_hal_flash.c                    0x00000000   Number         0  stm32f1xx_hal_flash.o ABSOLUTE
    stm32f1xx_hal_flash_ex.c                 0x00000000   Number         0  stm32f1xx_hal_flash_ex.o ABSOLUTE
    stm32f1xx_hal_gpio.c                     0x00000000   Number         0  stm32f1xx_hal_gpio.o ABSOLUTE
    stm32f1xx_hal_gpio_ex.c                  0x00000000   Number         0  stm32f1xx_hal_gpio_ex.o ABSOLUTE
    stm32f1xx_hal_msp.c                      0x00000000   Number         0  stm32f1xx_hal_msp.o ABSOLUTE
    stm32f1xx_hal_pwr.c                      0x00000000   Number         0  stm32f1xx_hal_pwr.o ABSOLUTE
    stm32f1xx_hal_rcc.c                      0x00000000   Number         0  stm32f1xx_hal_rcc.o ABSOLUTE
    stm32f1xx_hal_rcc_ex.c                   0x00000000   Number         0  stm32f1xx_hal_rcc_ex.o ABSOLUTE
    stm32f1xx_hal_tim.c                      0x00000000   Number         0  stm32f1xx_hal_tim.o ABSOLUTE
    stm32f1xx_hal_tim_ex.c                   0x00000000   Number         0  stm32f1xx_hal_tim_ex.o ABSOLUTE
    stm32f1xx_hal_uart.c                     0x00000000   Number         0  stm32f1xx_hal_uart.o ABSOLUTE
    stm32f1xx_it.c                           0x00000000   Number         0  stm32f1xx_it.o ABSOLUTE
    system_stm32f1xx.c                       0x00000000   Number         0  system_stm32f1xx.o ABSOLUTE
    tim.c                                    0x00000000   Number         0  tim.o ABSOLUTE
    uart.c                                   0x00000000   Number         0  uart.o ABSOLUTE
    usart.c                                  0x00000000   Number         0  usart.o ABSOLUTE
    RESET                                    0x08000000   Section      236  startup_stm32f103xb.o(RESET)
    .ARM.Collect$$$$00000000                 0x080000ec   Section        0  entry.o(.ARM.Collect$$$$00000000)
    .ARM.Collect$$$$00000001                 0x080000ec   Section        4  entry2.o(.ARM.Collect$$$$00000001)
    .ARM.Collect$$$$00000004                 0x080000f0   Section        4  entry5.o(.ARM.Collect$$$$00000004)
    .ARM.Collect$$$$00000008                 0x080000f4   Section        0  entry7b.o(.ARM.Collect$$$$00000008)
    .ARM.Collect$$$$0000000A                 0x080000f4   Section        0  entry8b.o(.ARM.Collect$$$$0000000A)
    .ARM.Collect$$$$0000000B                 0x080000f4   Section        8  entry9a.o(.ARM.Collect$$$$0000000B)
    __lit__00000000                          0x080000fc   Data           4  entry2.o(.ARM.Collect$$$$00002712)
    .ARM.Collect$$$$0000000D                 0x080000fc   Section        0  entry10a.o(.ARM.Collect$$$$0000000D)
    .ARM.Collect$$$$0000000F                 0x080000fc   Section        0  entry11a.o(.ARM.Collect$$$$0000000F)
    .ARM.Collect$$$$00002712                 0x080000fc   Section        4  entry2.o(.ARM.Collect$$$$00002712)
    .text                                    0x08000100   Section       36  startup_stm32f103xb.o(.text)
    .text                                    0x08000124   Section        0  memseta.o(.text)
    .text                                    0x08000148   Section        0  uidiv.o(.text)
    .text                                    0x08000174   Section       36  init.o(.text)
    [Anonymous Symbol]                       0x08000198   Section        0  stm32f1xx_it.o(.text.BusFault_Handler)
    [Anonymous Symbol]                       0x0800019c   Section        0  stm32f1xx_it.o(.text.DebugMon_Handler)
    [Anonymous Symbol]                       0x080001a0   Section        0  main.o(.text.Error_Handler)
    [Anonymous Symbol]                       0x080001ac   Section        0  stm32f1xx_hal_dma.o(.text.HAL_DMA_Abort)
    [Anonymous Symbol]                       0x080001ec   Section        0  stm32f1xx_hal_dma.o(.text.HAL_DMA_Abort_IT)
    [Anonymous Symbol]                       0x08000290   Section        0  stm32f1xx_hal.o(.text.HAL_Delay)
    [Anonymous Symbol]                       0x080002b8   Section        0  stm32f1xx_hal_gpio.o(.text.HAL_GPIO_Init)
    [Anonymous Symbol]                       0x080004b4   Section        0  stm32f1xx_hal_gpio.o(.text.HAL_GPIO_ReadPin)
    [Anonymous Symbol]                       0x080004c0   Section        0  stm32f1xx_hal_gpio.o(.text.HAL_GPIO_WritePin)
    [Anonymous Symbol]                       0x080004cc   Section        0  stm32f1xx_hal.o(.text.HAL_GetTick)
    [Anonymous Symbol]                       0x080004d8   Section        0  stm32f1xx_hal.o(.text.HAL_IncTick)
    [Anonymous Symbol]                       0x080004f4   Section        0  stm32f1xx_hal.o(.text.HAL_Init)
    [Anonymous Symbol]                       0x0800051c   Section        0  stm32f1xx_hal.o(.text.HAL_InitTick)
    [Anonymous Symbol]                       0x0800056c   Section        0  stm32f1xx_hal_msp.o(.text.HAL_MspInit)
    [Anonymous Symbol]                       0x080005a0   Section        0  stm32f1xx_hal_cortex.o(.text.HAL_NVIC_EnableIRQ)
    [Anonymous Symbol]                       0x080005a8   Section        0  stm32f1xx_hal_cortex.o(.text.HAL_NVIC_SetPriority)
    [Anonymous Symbol]                       0x080005c8   Section        0  stm32f1xx_hal_cortex.o(.text.HAL_NVIC_SetPriorityGrouping)
    [Anonymous Symbol]                       0x080005d0   Section        0  stm32f1xx_hal_rcc.o(.text.HAL_RCC_ClockConfig)
    [Anonymous Symbol]                       0x08000744   Section        0  stm32f1xx_hal_rcc.o(.text.HAL_RCC_GetHCLKFreq)
    [Anonymous Symbol]                       0x08000750   Section        0  stm32f1xx_hal_rcc.o(.text.HAL_RCC_GetPCLK1Freq)
    [Anonymous Symbol]                       0x08000774   Section        0  stm32f1xx_hal_rcc.o(.text.HAL_RCC_GetPCLK2Freq)
    [Anonymous Symbol]                       0x08000798   Section        0  stm32f1xx_hal_rcc.o(.text.HAL_RCC_GetSysClockFreq)
    [Anonymous Symbol]                       0x08000804   Section        0  stm32f1xx_hal_rcc.o(.text.HAL_RCC_OscConfig)
    [Anonymous Symbol]                       0x08000b10   Section        0  stm32f1xx_hal_cortex.o(.text.HAL_SYSTICK_Config)
    [Anonymous Symbol]                       0x08000b18   Section        0  stm32f1xx_hal_tim_ex.o(.text.HAL_TIMEx_MasterConfigSynchronization)
    [Anonymous Symbol]                       0x08000b90   Section        0  stm32f1xx_hal_tim.o(.text.HAL_TIM_Base_Init)
    [Anonymous Symbol]                       0x08000bec   Section        0  tim.o(.text.HAL_TIM_Base_MspInit)
    [Anonymous Symbol]                       0x08000c20   Section        0  stm32f1xx_hal_tim.o(.text.HAL_TIM_ConfigClockSource)
    [Anonymous Symbol]                       0x08000cf0   Section        0  tim.o(.text.HAL_TIM_MspPostInit)
    [Anonymous Symbol]                       0x08000d6c   Section        0  stm32f1xx_hal_tim.o(.text.HAL_TIM_PWM_ConfigChannel)
    [Anonymous Symbol]                       0x08000e04   Section        0  stm32f1xx_hal_tim.o(.text.HAL_TIM_PWM_Init)
    [Anonymous Symbol]                       0x08000e60   Section        0  stm32f1xx_hal_tim.o(.text.HAL_TIM_PWM_MspInit)
    [Anonymous Symbol]                       0x08000e64   Section        0  stm32f1xx_hal_tim.o(.text.HAL_TIM_PWM_Start)
    [Anonymous Symbol]                       0x08000f1c   Section        0  stm32f1xx_hal_tim.o(.text.HAL_TIM_PWM_Stop)
    [Anonymous Symbol]                       0x08000f9c   Section        0  stm32f1xx_hal_uart.o(.text.HAL_UARTEx_ReceiveToIdle_IT)
    [Anonymous Symbol]                       0x08000ff8   Section        0  uart.o(.text.HAL_UARTEx_RxEventCallback)
    [Anonymous Symbol]                       0x08001058   Section        0  stm32f1xx_hal_uart.o(.text.HAL_UART_ErrorCallback)
    [Anonymous Symbol]                       0x0800105c   Section        0  stm32f1xx_hal_uart.o(.text.HAL_UART_IRQHandler)
    [Anonymous Symbol]                       0x0800122c   Section        0  stm32f1xx_hal_uart.o(.text.HAL_UART_Init)
    [Anonymous Symbol]                       0x0800128c   Section        0  usart.o(.text.HAL_UART_MspInit)
    [Anonymous Symbol]                       0x0800131c   Section        0  stm32f1xx_hal_uart.o(.text.HAL_UART_Receive_IT)
    [Anonymous Symbol]                       0x08001354   Section        0  uart.o(.text.HAL_UART_RxCpltCallback)
    [Anonymous Symbol]                       0x080013b4   Section        0  stm32f1xx_hal_uart.o(.text.HAL_UART_Transmit)
    [Anonymous Symbol]                       0x08001480   Section        0  stm32f1xx_hal_uart.o(.text.HAL_UART_TxCpltCallback)
    [Anonymous Symbol]                       0x08001484   Section        0  stm32f1xx_it.o(.text.HardFault_Handler)
    [Anonymous Symbol]                       0x08001488   Section        0  gpio.o(.text.MX_GPIO_Init)
    [Anonymous Symbol]                       0x0800152c   Section        0  tim.o(.text.MX_TIM3_Init)
    [Anonymous Symbol]                       0x08001644   Section        0  usart.o(.text.MX_USART1_UART_Init)
    [Anonymous Symbol]                       0x0800167c   Section        0  stm32f1xx_it.o(.text.MemManage_Handler)
    [Anonymous Symbol]                       0x08001680   Section        0  stm32f1xx_it.o(.text.NMI_Handler)
    NVIC_EncodePriority                      0x08001685   Thumb Code    44  stm32f1xx_hal_cortex.o(.text.NVIC_EncodePriority)
    [Anonymous Symbol]                       0x08001684   Section        0  stm32f1xx_hal_cortex.o(.text.NVIC_EncodePriority)
    [Anonymous Symbol]                       0x080016b0   Section        0  stm32f1xx_it.o(.text.PendSV_Handler)
    RCC_Delay                                0x080016b5   Thumb Code    44  stm32f1xx_hal_rcc.o(.text.RCC_Delay)
    [Anonymous Symbol]                       0x080016b4   Section        0  stm32f1xx_hal_rcc.o(.text.RCC_Delay)
    [Anonymous Symbol]                       0x080016e0   Section        0  stm32f1xx_it.o(.text.SVC_Handler)
    SysTick_Config                           0x080016e5   Thumb Code    46  stm32f1xx_hal_cortex.o(.text.SysTick_Config)
    [Anonymous Symbol]                       0x080016e4   Section        0  stm32f1xx_hal_cortex.o(.text.SysTick_Config)
    [Anonymous Symbol]                       0x08001714   Section        0  stm32f1xx_it.o(.text.SysTick_Handler)
    [Anonymous Symbol]                       0x0800171c   Section        0  main.o(.text.SystemClock_Config)
    [Anonymous Symbol]                       0x0800177c   Section        0  system_stm32f1xx.o(.text.SystemInit)
    [Anonymous Symbol]                       0x08001780   Section        0  stm32f1xx_hal_tim.o(.text.TIM_Base_SetConfig)
    [Anonymous Symbol]                       0x0800180c   Section        0  stm32f1xx_hal_tim.o(.text.TIM_CCxChannelCmd)
    [Anonymous Symbol]                       0x08001830   Section        0  stm32f1xx_hal_tim.o(.text.TIM_ETR_SetConfig)
    TIM_ITRx_SetConfig                       0x08001849   Thumb Code    16  stm32f1xx_hal_tim.o(.text.TIM_ITRx_SetConfig)
    [Anonymous Symbol]                       0x08001848   Section        0  stm32f1xx_hal_tim.o(.text.TIM_ITRx_SetConfig)
    TIM_OC1_SetConfig                        0x08001859   Thumb Code    96  stm32f1xx_hal_tim.o(.text.TIM_OC1_SetConfig)
    [Anonymous Symbol]                       0x08001858   Section        0  stm32f1xx_hal_tim.o(.text.TIM_OC1_SetConfig)
    [Anonymous Symbol]                       0x080018b8   Section        0  stm32f1xx_hal_tim.o(.text.TIM_OC2_SetConfig)
    TIM_OC3_SetConfig                        0x08001921   Thumb Code   100  stm32f1xx_hal_tim.o(.text.TIM_OC3_SetConfig)
    [Anonymous Symbol]                       0x08001920   Section        0  stm32f1xx_hal_tim.o(.text.TIM_OC3_SetConfig)
    TIM_OC4_SetConfig                        0x08001985   Thumb Code    74  stm32f1xx_hal_tim.o(.text.TIM_OC4_SetConfig)
    [Anonymous Symbol]                       0x08001984   Section        0  stm32f1xx_hal_tim.o(.text.TIM_OC4_SetConfig)
    TIM_TI1_ConfigInputStage                 0x080019d1   Thumb Code    34  stm32f1xx_hal_tim.o(.text.TIM_TI1_ConfigInputStage)
    [Anonymous Symbol]                       0x080019d0   Section        0  stm32f1xx_hal_tim.o(.text.TIM_TI1_ConfigInputStage)
    TIM_TI2_ConfigInputStage                 0x080019f5   Thumb Code    36  stm32f1xx_hal_tim.o(.text.TIM_TI2_ConfigInputStage)
    [Anonymous Symbol]                       0x080019f4   Section        0  stm32f1xx_hal_tim.o(.text.TIM_TI2_ConfigInputStage)
    UART_DMAAbortOnError                     0x08001a19   Thumb Code    16  stm32f1xx_hal_uart.o(.text.UART_DMAAbortOnError)
    [Anonymous Symbol]                       0x08001a18   Section        0  stm32f1xx_hal_uart.o(.text.UART_DMAAbortOnError)
    UART_EndRxTransfer                       0x08001a29   Thumb Code    44  stm32f1xx_hal_uart.o(.text.UART_EndRxTransfer)
    [Anonymous Symbol]                       0x08001a28   Section        0  stm32f1xx_hal_uart.o(.text.UART_EndRxTransfer)
    UART_EndTransmit_IT                      0x08001a55   Thumb Code    24  stm32f1xx_hal_uart.o(.text.UART_EndTransmit_IT)
    [Anonymous Symbol]                       0x08001a54   Section        0  stm32f1xx_hal_uart.o(.text.UART_EndTransmit_IT)
    UART_Receive_IT                          0x08001a6d   Thumb Code   180  stm32f1xx_hal_uart.o(.text.UART_Receive_IT)
    [Anonymous Symbol]                       0x08001a6c   Section        0  stm32f1xx_hal_uart.o(.text.UART_Receive_IT)
    UART_SetConfig                           0x08001b21   Thumb Code   142  stm32f1xx_hal_uart.o(.text.UART_SetConfig)
    [Anonymous Symbol]                       0x08001b20   Section        0  stm32f1xx_hal_uart.o(.text.UART_SetConfig)
    [Anonymous Symbol]                       0x08001bb0   Section        0  stm32f1xx_hal_uart.o(.text.UART_Start_Receive_IT)
    UART_Transmit_IT                         0x08001be5   Thumb Code    82  stm32f1xx_hal_uart.o(.text.UART_Transmit_IT)
    [Anonymous Symbol]                       0x08001be4   Section        0  stm32f1xx_hal_uart.o(.text.UART_Transmit_IT)
    UART_WaitOnFlagUntilTimeout              0x08001c39   Thumb Code   100  stm32f1xx_hal_uart.o(.text.UART_WaitOnFlagUntilTimeout)
    [Anonymous Symbol]                       0x08001c38   Section        0  stm32f1xx_hal_uart.o(.text.UART_WaitOnFlagUntilTimeout)
    [Anonymous Symbol]                       0x08001c9c   Section        0  stm32f1xx_it.o(.text.USART1_IRQHandler)
    [Anonymous Symbol]                       0x08001cac   Section        0  stm32f1xx_it.o(.text.UsageFault_Handler)
    __NVIC_EnableIRQ                         0x08001cb1   Thumb Code    32  stm32f1xx_hal_cortex.o(.text.__NVIC_EnableIRQ)
    [Anonymous Symbol]                       0x08001cb0   Section        0  stm32f1xx_hal_cortex.o(.text.__NVIC_EnableIRQ)
    __NVIC_GetPriorityGrouping               0x08001cd1   Thumb Code    16  stm32f1xx_hal_cortex.o(.text.__NVIC_GetPriorityGrouping)
    [Anonymous Symbol]                       0x08001cd0   Section        0  stm32f1xx_hal_cortex.o(.text.__NVIC_GetPriorityGrouping)
    __NVIC_SetPriority                       0x08001ce1   Thumb Code    34  stm32f1xx_hal_cortex.o(.text.__NVIC_SetPriority)
    [Anonymous Symbol]                       0x08001ce0   Section        0  stm32f1xx_hal_cortex.o(.text.__NVIC_SetPriority)
    __NVIC_SetPriorityGrouping               0x08001d05   Thumb Code    32  stm32f1xx_hal_cortex.o(.text.__NVIC_SetPriorityGrouping)
    [Anonymous Symbol]                       0x08001d04   Section        0  stm32f1xx_hal_cortex.o(.text.__NVIC_SetPriorityGrouping)
    [Anonymous Symbol]                       0x08001d24   Section        0  uart.o(.text.fputc)
    [Anonymous Symbol]                       0x08001d48   Section        0  key.o(.text.key_scan)
    [Anonymous Symbol]                       0x08001d6c   Section        0  led.o(.text.led_off)
    [Anonymous Symbol]                       0x08001d84   Section        0  led.o(.text.led_on)
    [Anonymous Symbol]                       0x08001d9c   Section        0  motor.o(.text.left_motor_forward)
    [Anonymous Symbol]                       0x08001dcc   Section        0  motor.o(.text.left_motor_reverse)
    [Anonymous Symbol]                       0x08001dfc   Section        0  motor.o(.text.left_motor_stop)
    [Anonymous Symbol]                       0x08001e34   Section        0  main.o(.text.main)
    [Anonymous Symbol]                       0x08001e54   Section        0  motor.o(.text.motor_forward)
    [Anonymous Symbol]                       0x08001e64   Section        0  motor.o(.text.motor_reverse)
    [Anonymous Symbol]                       0x08001e74   Section        0  motor.o(.text.motor_stop)
    [Anonymous Symbol]                       0x08001e80   Section        0  motor.o(.text.motor_test)
    [Anonymous Symbol]                       0x08001ef8   Section        0  motor.o(.text.motor_turn_left)
    [Anonymous Symbol]                       0x08001f08   Section        0  motor.o(.text.motor_turn_right)
    [Anonymous Symbol]                       0x08001f18   Section        0  motor.o(.text.right_motor_forward)
    [Anonymous Symbol]                       0x08001f48   Section        0  motor.o(.text.right_motor_reverse)
    [Anonymous Symbol]                       0x08001f78   Section        0  motor.o(.text.right_motor_stop)
    [Anonymous Symbol]                       0x08001fb0   Section        0  uart.o(.text.uart_interrupt_idel_init)
    [Anonymous Symbol]                       0x08001fcc   Section        0  uart.o(.text.uart_interrupt_init)
    i.__0printf$3                            0x08001fe8   Section        0  printf3.o(i.__0printf$3)
    i.__scatterload_copy                     0x08002008   Section       14  handlers.o(i.__scatterload_copy)
    i.__scatterload_null                     0x08002016   Section        2  handlers.o(i.__scatterload_null)
    i.__scatterload_zeroinit                 0x08002018   Section       14  handlers.o(i.__scatterload_zeroinit)
    _printf_core                             0x08002029   Thumb Code   436  printf3.o(i._printf_core)
    i._printf_core                           0x08002028   Section        0  printf3.o(i._printf_core)
    i.puts                                   0x080021e0   Section        0  puts.o(i.puts)
    .L.str.1                                 0x0800221c   Data           8  uart.o(.rodata.str1.1)
    [Anonymous Symbol]                       0x0800221c   Section        0  uart.o(.rodata.str1.1)
    .data                                    0x20000000   Section        4  stdout.o(.data)
    STACK                                    0x200004a0   Section     1024  startup_stm32f103xb.o(STACK)

    Global Symbols

    Symbol Name                              Value     Ov Type        Size  Object(Section)

    BuildAttributes$$THM_ISAv4$P$D$K$B$S$PE$A:L22UL41UL21$X:L11$S22US41US21$IEEE1$IW$~IW$USESV6$~STKCKD$USESV7$~SHL$OTIME$ROPI$EBA8$MICROLIB$REQ8$PRES8$EABIv2 0x00000000   Number         0  anon$$obj.o ABSOLUTE
    _printf_a                                0x00000000   Number         0  printfstubs.o ABSOLUTE
    _printf_c                                0x00000000   Number         0  printfstubs.o ABSOLUTE
    _printf_charcount                        0x00000000   Number         0  printfstubs.o ABSOLUTE
    _printf_d                                0x00000000   Number         0  printfstubs.o ABSOLUTE
    _printf_e                                0x00000000   Number         0  printfstubs.o ABSOLUTE
    _printf_f                                0x00000000   Number         0  printfstubs.o ABSOLUTE
    _printf_flags                            0x00000000   Number         0  printfstubs.o ABSOLUTE
    _printf_fp_dec                           0x00000000   Number         0  printfstubs.o ABSOLUTE
    _printf_fp_hex                           0x00000000   Number         0  printfstubs.o ABSOLUTE
    _printf_g                                0x00000000   Number         0  printfstubs.o ABSOLUTE
    _printf_i                                0x00000000   Number         0  printfstubs.o ABSOLUTE
    _printf_int_dec                          0x00000000   Number         0  printfstubs.o ABSOLUTE
    _printf_l                                0x00000000   Number         0  printfstubs.o ABSOLUTE
    _printf_lc                               0x00000000   Number         0  printfstubs.o ABSOLUTE
    _printf_ll                               0x00000000   Number         0  printfstubs.o ABSOLUTE
    _printf_lld                              0x00000000   Number         0  printfstubs.o ABSOLUTE
    _printf_lli                              0x00000000   Number         0  printfstubs.o ABSOLUTE
    _printf_llo                              0x00000000   Number         0  printfstubs.o ABSOLUTE
    _printf_llu                              0x00000000   Number         0  printfstubs.o ABSOLUTE
    _printf_llx                              0x00000000   Number         0  printfstubs.o ABSOLUTE
    _printf_longlong_dec                     0x00000000   Number         0  printfstubs.o ABSOLUTE
    _printf_longlong_hex                     0x00000000   Number         0  printfstubs.o ABSOLUTE
    _printf_longlong_oct                     0x00000000   Number         0  printfstubs.o ABSOLUTE
    _printf_ls                               0x00000000   Number         0  printfstubs.o ABSOLUTE
    _printf_mbtowc                           0x00000000   Number         0  printfstubs.o ABSOLUTE
    _printf_n                                0x00000000   Number         0  printfstubs.o ABSOLUTE
    _printf_o                                0x00000000   Number         0  printfstubs.o ABSOLUTE
    _printf_p                                0x00000000   Number         0  printfstubs.o ABSOLUTE
    _printf_percent                          0x00000000   Number         0  printfstubs.o ABSOLUTE
    _printf_pre_padding                      0x00000000   Number         0  printfstubs.o ABSOLUTE
    _printf_return_value                     0x00000000   Number         0  printfstubs.o ABSOLUTE
    _printf_s                                0x00000000   Number         0  printfstubs.o ABSOLUTE
    _printf_sizespec                         0x00000000   Number         0  printfstubs.o ABSOLUTE
    _printf_str                              0x00000000   Number         0  printfstubs.o ABSOLUTE
    _printf_truncate_signed                  0x00000000   Number         0  printfstubs.o ABSOLUTE
    _printf_truncate_unsigned                0x00000000   Number         0  printfstubs.o ABSOLUTE
    _printf_u                                0x00000000   Number         0  printfstubs.o ABSOLUTE
    _printf_wc                               0x00000000   Number         0  printfstubs.o ABSOLUTE
    _printf_wctomb                           0x00000000   Number         0  printfstubs.o ABSOLUTE
    _printf_widthprec                        0x00000000   Number         0  printfstubs.o ABSOLUTE
    _printf_x                                0x00000000   Number         0  printfstubs.o ABSOLUTE
    __cpp_initialize__aeabi_                  - Undefined Weak Reference
    __cxa_finalize                            - Undefined Weak Reference
    __decompress                              - Undefined Weak Reference
    _clock_init                               - Undefined Weak Reference
    _microlib_exit                            - Undefined Weak Reference
    __Vectors_Size                           0x000000ec   Number         0  startup_stm32f103xb.o ABSOLUTE
    __Vectors                                0x08000000   Data           4  startup_stm32f103xb.o(RESET)
    __Vectors_End                            0x080000ec   Data           0  startup_stm32f103xb.o(RESET)
    __main                                   0x080000ed   Thumb Code     0  entry.o(.ARM.Collect$$$$00000000)
    _main_stk                                0x080000ed   Thumb Code     0  entry2.o(.ARM.Collect$$$$00000001)
    _main_scatterload                        0x080000f1   Thumb Code     0  entry5.o(.ARM.Collect$$$$00000004)
    __main_after_scatterload                 0x080000f5   Thumb Code     0  entry5.o(.ARM.Collect$$$$00000004)
    _main_clock                              0x080000f5   Thumb Code     0  entry7b.o(.ARM.Collect$$$$00000008)
    _main_cpp_init                           0x080000f5   Thumb Code     0  entry8b.o(.ARM.Collect$$$$0000000A)
    _main_init                               0x080000f5   Thumb Code     0  entry9a.o(.ARM.Collect$$$$0000000B)
    __rt_final_cpp                           0x080000fd   Thumb Code     0  entry10a.o(.ARM.Collect$$$$0000000D)
    __rt_final_exit                          0x080000fd   Thumb Code     0  entry11a.o(.ARM.Collect$$$$0000000F)
    Reset_Handler                            0x08000101   Thumb Code     8  startup_stm32f103xb.o(.text)
    ADC1_2_IRQHandler                        0x0800011b   Thumb Code     0  startup_stm32f103xb.o(.text)
    CAN1_RX1_IRQHandler                      0x0800011b   Thumb Code     0  startup_stm32f103xb.o(.text)
    CAN1_SCE_IRQHandler                      0x0800011b   Thumb Code     0  startup_stm32f103xb.o(.text)
    DMA1_Channel1_IRQHandler                 0x0800011b   Thumb Code     0  startup_stm32f103xb.o(.text)
    DMA1_Channel2_IRQHandler                 0x0800011b   Thumb Code     0  startup_stm32f103xb.o(.text)
    DMA1_Channel3_IRQHandler                 0x0800011b   Thumb Code     0  startup_stm32f103xb.o(.text)
    DMA1_Channel4_IRQHandler                 0x0800011b   Thumb Code     0  startup_stm32f103xb.o(.text)
    DMA1_Channel5_IRQHandler                 0x0800011b   Thumb Code     0  startup_stm32f103xb.o(.text)
    DMA1_Channel6_IRQHandler                 0x0800011b   Thumb Code     0  startup_stm32f103xb.o(.text)
    DMA1_Channel7_IRQHandler                 0x0800011b   Thumb Code     0  startup_stm32f103xb.o(.text)
    EXTI0_IRQHandler                         0x0800011b   Thumb Code     0  startup_stm32f103xb.o(.text)
    EXTI15_10_IRQHandler                     0x0800011b   Thumb Code     0  startup_stm32f103xb.o(.text)
    EXTI1_IRQHandler                         0x0800011b   Thumb Code     0  startup_stm32f103xb.o(.text)
    EXTI2_IRQHandler                         0x0800011b   Thumb Code     0  startup_stm32f103xb.o(.text)
    EXTI3_IRQHandler                         0x0800011b   Thumb Code     0  startup_stm32f103xb.o(.text)
    EXTI4_IRQHandler                         0x0800011b   Thumb Code     0  startup_stm32f103xb.o(.text)
    EXTI9_5_IRQHandler                       0x0800011b   Thumb Code     0  startup_stm32f103xb.o(.text)
    FLASH_IRQHandler                         0x0800011b   Thumb Code     0  startup_stm32f103xb.o(.text)
    I2C1_ER_IRQHandler                       0x0800011b   Thumb Code     0  startup_stm32f103xb.o(.text)
    I2C1_EV_IRQHandler                       0x0800011b   Thumb Code     0  startup_stm32f103xb.o(.text)
    I2C2_ER_IRQHandler                       0x0800011b   Thumb Code     0  startup_stm32f103xb.o(.text)
    I2C2_EV_IRQHandler                       0x0800011b   Thumb Code     0  startup_stm32f103xb.o(.text)
    PVD_IRQHandler                           0x0800011b   Thumb Code     0  startup_stm32f103xb.o(.text)
    RCC_IRQHandler                           0x0800011b   Thumb Code     0  startup_stm32f103xb.o(.text)
    RTC_Alarm_IRQHandler                     0x0800011b   Thumb Code     0  startup_stm32f103xb.o(.text)
    RTC_IRQHandler                           0x0800011b   Thumb Code     0  startup_stm32f103xb.o(.text)
    SPI1_IRQHandler                          0x0800011b   Thumb Code     0  startup_stm32f103xb.o(.text)
    SPI2_IRQHandler                          0x0800011b   Thumb Code     0  startup_stm32f103xb.o(.text)
    TAMPER_IRQHandler                        0x0800011b   Thumb Code     0  startup_stm32f103xb.o(.text)
    TIM1_BRK_IRQHandler                      0x0800011b   Thumb Code     0  startup_stm32f103xb.o(.text)
    TIM1_CC_IRQHandler                       0x0800011b   Thumb Code     0  startup_stm32f103xb.o(.text)
    TIM1_TRG_COM_IRQHandler                  0x0800011b   Thumb Code     0  startup_stm32f103xb.o(.text)
    TIM1_UP_IRQHandler                       0x0800011b   Thumb Code     0  startup_stm32f103xb.o(.text)
    TIM2_IRQHandler                          0x0800011b   Thumb Code     0  startup_stm32f103xb.o(.text)
    TIM3_IRQHandler                          0x0800011b   Thumb Code     0  startup_stm32f103xb.o(.text)
    TIM4_IRQHandler                          0x0800011b   Thumb Code     0  startup_stm32f103xb.o(.text)
    USART2_IRQHandler                        0x0800011b   Thumb Code     0  startup_stm32f103xb.o(.text)
    USART3_IRQHandler                        0x0800011b   Thumb Code     0  startup_stm32f103xb.o(.text)
    USBWakeUp_IRQHandler                     0x0800011b   Thumb Code     0  startup_stm32f103xb.o(.text)
    USB_HP_CAN1_TX_IRQHandler                0x0800011b   Thumb Code     0  startup_stm32f103xb.o(.text)
    USB_LP_CAN1_RX0_IRQHandler               0x0800011b   Thumb Code     0  startup_stm32f103xb.o(.text)
    WWDG_IRQHandler                          0x0800011b   Thumb Code     0  startup_stm32f103xb.o(.text)
    __aeabi_memset                           0x08000125   Thumb Code    14  memseta.o(.text)
    __aeabi_memset4                          0x08000125   Thumb Code     0  memseta.o(.text)
    __aeabi_memset8                          0x08000125   Thumb Code     0  memseta.o(.text)
    __aeabi_memclr                           0x08000133   Thumb Code     4  memseta.o(.text)
    __aeabi_memclr4                          0x08000133   Thumb Code     0  memseta.o(.text)
    __aeabi_memclr8                          0x08000133   Thumb Code     0  memseta.o(.text)
    _memset$wrapper                          0x08000137   Thumb Code    18  memseta.o(.text)
    __aeabi_uidiv                            0x08000149   Thumb Code     0  uidiv.o(.text)
    __aeabi_uidivmod                         0x08000149   Thumb Code    44  uidiv.o(.text)
    __scatterload                            0x08000175   Thumb Code    28  init.o(.text)
    __scatterload_rt2                        0x08000175   Thumb Code     0  init.o(.text)
    BusFault_Handler                         0x08000199   Thumb Code     2  stm32f1xx_it.o(.text.BusFault_Handler)
    DebugMon_Handler                         0x0800019d   Thumb Code     2  stm32f1xx_it.o(.text.DebugMon_Handler)
    Error_Handler                            0x080001a1   Thumb Code    10  main.o(.text.Error_Handler)
    HAL_DMA_Abort                            0x080001ad   Thumb Code    64  stm32f1xx_hal_dma.o(.text.HAL_DMA_Abort)
    HAL_DMA_Abort_IT                         0x080001ed   Thumb Code   164  stm32f1xx_hal_dma.o(.text.HAL_DMA_Abort_IT)
    HAL_Delay                                0x08000291   Thumb Code    40  stm32f1xx_hal.o(.text.HAL_Delay)
    HAL_GPIO_Init                            0x080002b9   Thumb Code   506  stm32f1xx_hal_gpio.o(.text.HAL_GPIO_Init)
    HAL_GPIO_ReadPin                         0x080004b5   Thumb Code    10  stm32f1xx_hal_gpio.o(.text.HAL_GPIO_ReadPin)
    HAL_GPIO_WritePin                        0x080004c1   Thumb Code    10  stm32f1xx_hal_gpio.o(.text.HAL_GPIO_WritePin)
    HAL_GetTick                              0x080004cd   Thumb Code    12  stm32f1xx_hal.o(.text.HAL_GetTick)
    HAL_IncTick                              0x080004d9   Thumb Code    26  stm32f1xx_hal.o(.text.HAL_IncTick)
    HAL_Init                                 0x080004f5   Thumb Code    38  stm32f1xx_hal.o(.text.HAL_Init)
    HAL_InitTick                             0x0800051d   Thumb Code    80  stm32f1xx_hal.o(.text.HAL_InitTick)
    HAL_MspInit                              0x0800056d   Thumb Code    50  stm32f1xx_hal_msp.o(.text.HAL_MspInit)
    HAL_NVIC_EnableIRQ                       0x080005a1   Thumb Code     8  stm32f1xx_hal_cortex.o(.text.HAL_NVIC_EnableIRQ)
    HAL_NVIC_SetPriority                     0x080005a9   Thumb Code    30  stm32f1xx_hal_cortex.o(.text.HAL_NVIC_SetPriority)
    HAL_NVIC_SetPriorityGrouping             0x080005c9   Thumb Code     8  stm32f1xx_hal_cortex.o(.text.HAL_NVIC_SetPriorityGrouping)
    HAL_RCC_ClockConfig                      0x080005d1   Thumb Code   372  stm32f1xx_hal_rcc.o(.text.HAL_RCC_ClockConfig)
    HAL_RCC_GetHCLKFreq                      0x08000745   Thumb Code    12  stm32f1xx_hal_rcc.o(.text.HAL_RCC_GetHCLKFreq)
    HAL_RCC_GetPCLK1Freq                     0x08000751   Thumb Code    34  stm32f1xx_hal_rcc.o(.text.HAL_RCC_GetPCLK1Freq)
    HAL_RCC_GetPCLK2Freq                     0x08000775   Thumb Code    34  stm32f1xx_hal_rcc.o(.text.HAL_RCC_GetPCLK2Freq)
    HAL_RCC_GetSysClockFreq                  0x08000799   Thumb Code    88  stm32f1xx_hal_rcc.o(.text.HAL_RCC_GetSysClockFreq)
    HAL_RCC_OscConfig                        0x08000805   Thumb Code   780  stm32f1xx_hal_rcc.o(.text.HAL_RCC_OscConfig)
    HAL_SYSTICK_Config                       0x08000b11   Thumb Code     8  stm32f1xx_hal_cortex.o(.text.HAL_SYSTICK_Config)
    HAL_TIMEx_MasterConfigSynchronization    0x08000b19   Thumb Code   118  stm32f1xx_hal_tim_ex.o(.text.HAL_TIMEx_MasterConfigSynchronization)
    HAL_TIM_Base_Init                        0x08000b91   Thumb Code    90  stm32f1xx_hal_tim.o(.text.HAL_TIM_Base_Init)
    HAL_TIM_Base_MspInit                     0x08000bed   Thumb Code    50  tim.o(.text.HAL_TIM_Base_MspInit)
    HAL_TIM_ConfigClockSource                0x08000c21   Thumb Code   208  stm32f1xx_hal_tim.o(.text.HAL_TIM_ConfigClockSource)
    HAL_TIM_MspPostInit                      0x08000cf1   Thumb Code   122  tim.o(.text.HAL_TIM_MspPostInit)
    HAL_TIM_PWM_ConfigChannel                0x08000d6d   Thumb Code   150  stm32f1xx_hal_tim.o(.text.HAL_TIM_PWM_ConfigChannel)
    HAL_TIM_PWM_Init                         0x08000e05   Thumb Code    90  stm32f1xx_hal_tim.o(.text.HAL_TIM_PWM_Init)
    HAL_TIM_PWM_MspInit                      0x08000e61   Thumb Code     2  stm32f1xx_hal_tim.o(.text.HAL_TIM_PWM_MspInit)
    HAL_TIM_PWM_Start                        0x08000e65   Thumb Code   184  stm32f1xx_hal_tim.o(.text.HAL_TIM_PWM_Start)
    HAL_TIM_PWM_Stop                         0x08000f1d   Thumb Code   126  stm32f1xx_hal_tim.o(.text.HAL_TIM_PWM_Stop)
    HAL_UARTEx_ReceiveToIdle_IT              0x08000f9d   Thumb Code    92  stm32f1xx_hal_uart.o(.text.HAL_UARTEx_ReceiveToIdle_IT)
    HAL_UARTEx_RxEventCallback               0x08000ff9   Thumb Code    72  uart.o(.text.HAL_UARTEx_RxEventCallback)
    HAL_UART_ErrorCallback                   0x08001059   Thumb Code     2  stm32f1xx_hal_uart.o(.text.HAL_UART_ErrorCallback)
    HAL_UART_IRQHandler                      0x0800105d   Thumb Code   464  stm32f1xx_hal_uart.o(.text.HAL_UART_IRQHandler)
    HAL_UART_Init                            0x0800122d   Thumb Code    94  stm32f1xx_hal_uart.o(.text.HAL_UART_Init)
    HAL_UART_MspInit                         0x0800128d   Thumb Code   142  usart.o(.text.HAL_UART_MspInit)
    HAL_UART_Receive_IT                      0x0800131d   Thumb Code    56  stm32f1xx_hal_uart.o(.text.HAL_UART_Receive_IT)
    HAL_UART_RxCpltCallback                  0x08001355   Thumb Code    72  uart.o(.text.HAL_UART_RxCpltCallback)
    HAL_UART_Transmit                        0x080013b5   Thumb Code   204  stm32f1xx_hal_uart.o(.text.HAL_UART_Transmit)
    HAL_UART_TxCpltCallback                  0x08001481   Thumb Code     2  stm32f1xx_hal_uart.o(.text.HAL_UART_TxCpltCallback)
    HardFault_Handler                        0x08001485   Thumb Code     2  stm32f1xx_it.o(.text.HardFault_Handler)
    MX_GPIO_Init                             0x08001489   Thumb Code   162  gpio.o(.text.MX_GPIO_Init)
    MX_TIM3_Init                             0x0800152d   Thumb Code   278  tim.o(.text.MX_TIM3_Init)
    MX_USART1_UART_Init                      0x08001645   Thumb Code    56  usart.o(.text.MX_USART1_UART_Init)
    MemManage_Handler                        0x0800167d   Thumb Code     2  stm32f1xx_it.o(.text.MemManage_Handler)
    NMI_Handler                              0x08001681   Thumb Code     2  stm32f1xx_it.o(.text.NMI_Handler)
    PendSV_Handler                           0x080016b1   Thumb Code     2  stm32f1xx_it.o(.text.PendSV_Handler)
    SVC_Handler                              0x080016e1   Thumb Code     2  stm32f1xx_it.o(.text.SVC_Handler)
    SysTick_Handler                          0x08001715   Thumb Code     8  stm32f1xx_it.o(.text.SysTick_Handler)
    SystemClock_Config                       0x0800171d   Thumb Code    96  main.o(.text.SystemClock_Config)
    SystemInit                               0x0800177d   Thumb Code     2  system_stm32f1xx.o(.text.SystemInit)
    TIM_Base_SetConfig                       0x08001781   Thumb Code   138  stm32f1xx_hal_tim.o(.text.TIM_Base_SetConfig)
    TIM_CCxChannelCmd                        0x0800180d   Thumb Code    36  stm32f1xx_hal_tim.o(.text.TIM_CCxChannelCmd)
    TIM_ETR_SetConfig                        0x08001831   Thumb Code    22  stm32f1xx_hal_tim.o(.text.TIM_ETR_SetConfig)
    TIM_OC2_SetConfig                        0x080018b9   Thumb Code   102  stm32f1xx_hal_tim.o(.text.TIM_OC2_SetConfig)
    UART_Start_Receive_IT                    0x08001bb1   Thumb Code    50  stm32f1xx_hal_uart.o(.text.UART_Start_Receive_IT)
    USART1_IRQHandler                        0x08001c9d   Thumb Code    16  stm32f1xx_it.o(.text.USART1_IRQHandler)
    UsageFault_Handler                       0x08001cad   Thumb Code     2  stm32f1xx_it.o(.text.UsageFault_Handler)
    fputc                                    0x08001d25   Thumb Code    34  uart.o(.text.fputc)
    key_scan                                 0x08001d49   Thumb Code    34  key.o(.text.key_scan)
    led_off                                  0x08001d6d   Thumb Code    22  led.o(.text.led_off)
    led_on                                   0x08001d85   Thumb Code    22  led.o(.text.led_on)
    left_motor_forward                       0x08001d9d   Thumb Code    48  motor.o(.text.left_motor_forward)
    left_motor_reverse                       0x08001dcd   Thumb Code    48  motor.o(.text.left_motor_reverse)
    left_motor_stop                          0x08001dfd   Thumb Code    56  motor.o(.text.left_motor_stop)
    main                                     0x08001e35   Thumb Code    30  main.o(.text.main)
    motor_forward                            0x08001e55   Thumb Code    16  motor.o(.text.motor_forward)
    motor_reverse                            0x08001e65   Thumb Code    16  motor.o(.text.motor_reverse)
    motor_stop                               0x08001e75   Thumb Code    12  motor.o(.text.motor_stop)
    motor_test                               0x08001e81   Thumb Code   118  motor.o(.text.motor_test)
    motor_turn_left                          0x08001ef9   Thumb Code    16  motor.o(.text.motor_turn_left)
    motor_turn_right                         0x08001f09   Thumb Code    16  motor.o(.text.motor_turn_right)
    right_motor_forward                      0x08001f19   Thumb Code    48  motor.o(.text.right_motor_forward)
    right_motor_reverse                      0x08001f49   Thumb Code    48  motor.o(.text.right_motor_reverse)
    right_motor_stop                         0x08001f79   Thumb Code    56  motor.o(.text.right_motor_stop)
    uart_interrupt_idel_init                 0x08001fb1   Thumb Code    28  uart.o(.text.uart_interrupt_idel_init)
    uart_interrupt_init                      0x08001fcd   Thumb Code    28  uart.o(.text.uart_interrupt_init)
    __0printf$3                              0x08001fe9   Thumb Code    22  printf3.o(i.__0printf$3)
    __1printf$3                              0x08001fe9   Thumb Code     0  printf3.o(i.__0printf$3)
    __2printf                                0x08001fe9   Thumb Code     0  printf3.o(i.__0printf$3)
    __scatterload_copy                       0x08002009   Thumb Code    14  handlers.o(i.__scatterload_copy)
    __scatterload_null                       0x08002017   Thumb Code     2  handlers.o(i.__scatterload_null)
    __scatterload_zeroinit                   0x08002019   Thumb Code    14  handlers.o(i.__scatterload_zeroinit)
    puts                                     0x080021e1   Thumb Code    30  puts.o(i.puts)
    AHBPrescTable                            0x08002204   Data          16  system_stm32f1xx.o(.rodata.AHBPrescTable)
    APBPrescTable                            0x08002214   Data           8  system_stm32f1xx.o(.rodata.APBPrescTable)
    Region$$Table$$Base                      0x08002224   Number         0  anon$$obj.o(Region$$Table)
    Region$$Table$$Limit                     0x08002244   Number         0  anon$$obj.o(Region$$Table)
    __stdout                                 0x20000000   Data           4  stdout.o(.data)
    SystemCoreClock                          0x20000004   Data           4  system_stm32f1xx.o(.data.SystemCoreClock)
    uwTickFreq                               0x20000008   Data           1  stm32f1xx_hal.o(.data.uwTickFreq)
    uwTickPrio                               0x2000000c   Data           4  stm32f1xx_hal.o(.data.uwTickPrio)
    htim3                                    0x20000010   Data          72  tim.o(.bss.htim3)
    huart1                                   0x20000058   Data          68  usart.o(.bss.huart1)
    uart1_rx_buf                             0x2000009c   Data        1024  uart.o(.bss.uart1_rx_buf)
    uwTick                                   0x2000049c   Data           4  stm32f1xx_hal.o(.bss.uwTick)
    __initial_sp                             0x200008a0   Data           0  startup_stm32f103xb.o(STACK)



==============================================================================

Memory Map of the image

  Image Entry point : 0x080000ed

  Load Region LR_IROM1 (Base: 0x08000000, Size: 0x00002258, Max: 0x00010000, ABSOLUTE)

    Execution Region ER_IROM1 (Exec base: 0x08000000, Load base: 0x08000000, Size: 0x00002244, Max: 0x00010000, ABSOLUTE)

    Exec Addr    Load Addr    Size         Type   Attr      Idx    E Section Name        Object

    0x08000000   0x08000000   0x000000ec   Data   RO            3    RESET               startup_stm32f103xb.o
    0x080000ec   0x080000ec   0x00000000   Code   RO         1057  * .ARM.Collect$$$$00000000  mc_w.l(entry.o)
    0x080000ec   0x080000ec   0x00000004   Code   RO         1327    .ARM.Collect$$$$00000001  mc_w.l(entry2.o)
    0x080000f0   0x080000f0   0x00000004   Code   RO         1330    .ARM.Collect$$$$00000004  mc_w.l(entry5.o)
    0x080000f4   0x080000f4   0x00000000   Code   RO         1332    .ARM.Collect$$$$00000008  mc_w.l(entry7b.o)
    0x080000f4   0x080000f4   0x00000000   Code   RO         1334    .ARM.Collect$$$$0000000A  mc_w.l(entry8b.o)
    0x080000f4   0x080000f4   0x00000008   Code   RO         1335    .ARM.Collect$$$$0000000B  mc_w.l(entry9a.o)
    0x080000fc   0x080000fc   0x00000000   Code   RO         1337    .ARM.Collect$$$$0000000D  mc_w.l(entry10a.o)
    0x080000fc   0x080000fc   0x00000000   Code   RO         1339    .ARM.Collect$$$$0000000F  mc_w.l(entry11a.o)
    0x080000fc   0x080000fc   0x00000004   Code   RO         1328    .ARM.Collect$$$$00002712  mc_w.l(entry2.o)
    0x08000100   0x08000100   0x00000024   Code   RO            4    .text               startup_stm32f103xb.o
    0x08000124   0x08000124   0x00000024   Code   RO         1064    .text               mc_w.l(memseta.o)
    0x08000148   0x08000148   0x0000002c   Code   RO         1351    .text               mc_w.l(uidiv.o)
    0x08000174   0x08000174   0x00000024   Code   RO         1366    .text               mc_w.l(init.o)
    0x08000198   0x08000198   0x00000002   Code   RO           72    .text.BusFault_Handler  stm32f1xx_it.o
    0x0800019a   0x0800019a   0x00000002   PAD
    0x0800019c   0x0800019c   0x00000002   Code   RO           78    .text.DebugMon_Handler  stm32f1xx_it.o
    0x0800019e   0x0800019e   0x00000002   PAD
    0x080001a0   0x080001a0   0x0000000a   Code   RO           15    .text.Error_Handler  main.o
    0x080001aa   0x080001aa   0x00000002   PAD
    0x080001ac   0x080001ac   0x00000040   Code   RO          600    .text.HAL_DMA_Abort  stm32f1xx_hal_dma.o
    0x080001ec   0x080001ec   0x000000a4   Code   RO          602    .text.HAL_DMA_Abort_IT  stm32f1xx_hal_dma.o
    0x08000290   0x08000290   0x00000028   Code   RO          473    .text.HAL_Delay     stm32f1xx_hal.o
    0x080002b8   0x080002b8   0x000001fa   Code   RO          566    .text.HAL_GPIO_Init  stm32f1xx_hal_gpio.o
    0x080004b2   0x080004b2   0x00000002   PAD
    0x080004b4   0x080004b4   0x0000000a   Code   RO          570    .text.HAL_GPIO_ReadPin  stm32f1xx_hal_gpio.o
    0x080004be   0x080004be   0x00000002   PAD
    0x080004c0   0x080004c0   0x0000000a   Code   RO          572    .text.HAL_GPIO_WritePin  stm32f1xx_hal_gpio.o
    0x080004ca   0x080004ca   0x00000002   PAD
    0x080004cc   0x080004cc   0x0000000c   Code   RO          465    .text.HAL_GetTick   stm32f1xx_hal.o
    0x080004d8   0x080004d8   0x0000001a   Code   RO          463    .text.HAL_IncTick   stm32f1xx_hal.o
    0x080004f2   0x080004f2   0x00000002   PAD
    0x080004f4   0x080004f4   0x00000026   Code   RO          453    .text.HAL_Init      stm32f1xx_hal.o
    0x0800051a   0x0800051a   0x00000002   PAD
    0x0800051c   0x0800051c   0x00000050   Code   RO          455    .text.HAL_InitTick  stm32f1xx_hal.o
    0x0800056c   0x0800056c   0x00000032   Code   RO           93    .text.HAL_MspInit   stm32f1xx_hal_msp.o
    0x0800059e   0x0800059e   0x00000002   PAD
    0x080005a0   0x080005a0   0x00000008   Code   RO          636    .text.HAL_NVIC_EnableIRQ  stm32f1xx_hal_cortex.o
    0x080005a8   0x080005a8   0x0000001e   Code   RO          628    .text.HAL_NVIC_SetPriority  stm32f1xx_hal_cortex.o
    0x080005c6   0x080005c6   0x00000002   PAD
    0x080005c8   0x080005c8   0x00000008   Code   RO          624    .text.HAL_NVIC_SetPriorityGrouping  stm32f1xx_hal_cortex.o
    0x080005d0   0x080005d0   0x00000174   Code   RO          520    .text.HAL_RCC_ClockConfig  stm32f1xx_hal_rcc.o
    0x08000744   0x08000744   0x0000000c   Code   RO          530    .text.HAL_RCC_GetHCLKFreq  stm32f1xx_hal_rcc.o
    0x08000750   0x08000750   0x00000022   Code   RO          532    .text.HAL_RCC_GetPCLK1Freq  stm32f1xx_hal_rcc.o
    0x08000772   0x08000772   0x00000002   PAD
    0x08000774   0x08000774   0x00000022   Code   RO          534    .text.HAL_RCC_GetPCLK2Freq  stm32f1xx_hal_rcc.o
    0x08000796   0x08000796   0x00000002   PAD
    0x08000798   0x08000798   0x0000006c   Code   RO          522    .text.HAL_RCC_GetSysClockFreq  stm32f1xx_hal_rcc.o
    0x08000804   0x08000804   0x0000030c   Code   RO          516    .text.HAL_RCC_OscConfig  stm32f1xx_hal_rcc.o
    0x08000b10   0x08000b10   0x00000008   Code   RO          648    .text.HAL_SYSTICK_Config  stm32f1xx_hal_cortex.o
    0x08000b18   0x08000b18   0x00000076   Code   RO          429    .text.HAL_TIMEx_MasterConfigSynchronization  stm32f1xx_hal_tim_ex.o
    0x08000b8e   0x08000b8e   0x00000002   PAD
    0x08000b90   0x08000b90   0x0000005a   Code   RO          115    .text.HAL_TIM_Base_Init  stm32f1xx_hal_tim.o
    0x08000bea   0x08000bea   0x00000002   PAD
    0x08000bec   0x08000bec   0x00000032   Code   RO           38    .text.HAL_TIM_Base_MspInit  tim.o
    0x08000c1e   0x08000c1e   0x00000002   PAD
    0x08000c20   0x08000c20   0x000000d0   Code   RO          307    .text.HAL_TIM_ConfigClockSource  stm32f1xx_hal_tim.o
    0x08000cf0   0x08000cf0   0x0000007a   Code   RO           36    .text.HAL_TIM_MspPostInit  tim.o
    0x08000d6a   0x08000d6a   0x00000002   PAD
    0x08000d6c   0x08000d6c   0x00000096   Code   RO          281    .text.HAL_TIM_PWM_ConfigChannel  stm32f1xx_hal_tim.o
    0x08000e02   0x08000e02   0x00000002   PAD
    0x08000e04   0x08000e04   0x0000005a   Code   RO          169    .text.HAL_TIM_PWM_Init  stm32f1xx_hal_tim.o
    0x08000e5e   0x08000e5e   0x00000002   PAD
    0x08000e60   0x08000e60   0x00000002   Code   RO          171    .text.HAL_TIM_PWM_MspInit  stm32f1xx_hal_tim.o
    0x08000e62   0x08000e62   0x00000002   PAD
    0x08000e64   0x08000e64   0x000000b8   Code   RO          177    .text.HAL_TIM_PWM_Start  stm32f1xx_hal_tim.o
    0x08000f1c   0x08000f1c   0x0000007e   Code   RO          179    .text.HAL_TIM_PWM_Stop  stm32f1xx_hal_tim.o
    0x08000f9a   0x08000f9a   0x00000002   PAD
    0x08000f9c   0x08000f9c   0x0000005c   Code   RO          889    .text.HAL_UARTEx_ReceiveToIdle_IT  stm32f1xx_hal_uart.o
    0x08000ff8   0x08000ff8   0x00000060   Code   RO         1012    .text.HAL_UARTEx_RxEventCallback  uart.o
    0x08001058   0x08001058   0x00000002   Code   RO          925    .text.HAL_UART_ErrorCallback  stm32f1xx_hal_uart.o
    0x0800105a   0x0800105a   0x00000002   PAD
    0x0800105c   0x0800105c   0x000001d0   Code   RO          919    .text.HAL_UART_IRQHandler  stm32f1xx_hal_uart.o
    0x0800122c   0x0800122c   0x0000005e   Code   RO          837    .text.HAL_UART_Init  stm32f1xx_hal_uart.o
    0x0800128a   0x0800128a   0x00000002   PAD
    0x0800128c   0x0800128c   0x0000008e   Code   RO           53    .text.HAL_UART_MspInit  usart.o
    0x0800131a   0x0800131a   0x00000002   PAD
    0x0800131c   0x0800131c   0x00000038   Code   RO          861    .text.HAL_UART_Receive_IT  stm32f1xx_hal_uart.o
    0x08001354   0x08001354   0x00000060   Code   RO         1008    .text.HAL_UART_RxCpltCallback  uart.o
    0x080013b4   0x080013b4   0x000000cc   Code   RO          853    .text.HAL_UART_Transmit  stm32f1xx_hal_uart.o
    0x08001480   0x08001480   0x00000002   Code   RO          933    .text.HAL_UART_TxCpltCallback  stm32f1xx_hal_uart.o
    0x08001482   0x08001482   0x00000002   PAD
    0x08001484   0x08001484   0x00000002   Code   RO           68    .text.HardFault_Handler  stm32f1xx_it.o
    0x08001486   0x08001486   0x00000002   PAD
    0x08001488   0x08001488   0x000000a2   Code   RO           25    .text.MX_GPIO_Init  gpio.o
    0x0800152a   0x0800152a   0x00000002   PAD
    0x0800152c   0x0800152c   0x00000116   Code   RO           34    .text.MX_TIM3_Init  tim.o
    0x08001642   0x08001642   0x00000002   PAD
    0x08001644   0x08001644   0x00000038   Code   RO           51    .text.MX_USART1_UART_Init  usart.o
    0x0800167c   0x0800167c   0x00000002   Code   RO           70    .text.MemManage_Handler  stm32f1xx_it.o
    0x0800167e   0x0800167e   0x00000002   PAD
    0x08001680   0x08001680   0x00000002   Code   RO           66    .text.NMI_Handler   stm32f1xx_it.o
    0x08001682   0x08001682   0x00000002   PAD
    0x08001684   0x08001684   0x0000002c   Code   RO          634    .text.NVIC_EncodePriority  stm32f1xx_hal_cortex.o
    0x080016b0   0x080016b0   0x00000002   Code   RO           80    .text.PendSV_Handler  stm32f1xx_it.o
    0x080016b2   0x080016b2   0x00000002   PAD
    0x080016b4   0x080016b4   0x0000002c   Code   RO          518    .text.RCC_Delay     stm32f1xx_hal_rcc.o
    0x080016e0   0x080016e0   0x00000002   Code   RO           76    .text.SVC_Handler   stm32f1xx_it.o
    0x080016e2   0x080016e2   0x00000002   PAD
    0x080016e4   0x080016e4   0x0000002e   Code   RO          650    .text.SysTick_Config  stm32f1xx_hal_cortex.o
    0x08001712   0x08001712   0x00000002   PAD
    0x08001714   0x08001714   0x00000008   Code   RO           82    .text.SysTick_Handler  stm32f1xx_it.o
    0x0800171c   0x0800171c   0x00000060   Code   RO           13    .text.SystemClock_Config  main.o
    0x0800177c   0x0800177c   0x00000002   Code   RO          967    .text.SystemInit    system_stm32f1xx.o
    0x0800177e   0x0800177e   0x00000002   PAD
    0x08001780   0x08001780   0x0000008a   Code   RO          119    .text.TIM_Base_SetConfig  stm32f1xx_hal_tim.o
    0x0800180a   0x0800180a   0x00000002   PAD
    0x0800180c   0x0800180c   0x00000024   Code   RO          153    .text.TIM_CCxChannelCmd  stm32f1xx_hal_tim.o
    0x08001830   0x08001830   0x00000016   Code   RO          305    .text.TIM_ETR_SetConfig  stm32f1xx_hal_tim.o
    0x08001846   0x08001846   0x00000002   PAD
    0x08001848   0x08001848   0x00000010   Code   RO          311    .text.TIM_ITRx_SetConfig  stm32f1xx_hal_tim.o
    0x08001858   0x08001858   0x00000060   Code   RO          263    .text.TIM_OC1_SetConfig  stm32f1xx_hal_tim.o
    0x080018b8   0x080018b8   0x00000066   Code   RO          265    .text.TIM_OC2_SetConfig  stm32f1xx_hal_tim.o
    0x0800191e   0x0800191e   0x00000002   PAD
    0x08001920   0x08001920   0x00000064   Code   RO          267    .text.TIM_OC3_SetConfig  stm32f1xx_hal_tim.o
    0x08001984   0x08001984   0x0000004a   Code   RO          269    .text.TIM_OC4_SetConfig  stm32f1xx_hal_tim.o
    0x080019ce   0x080019ce   0x00000002   PAD
    0x080019d0   0x080019d0   0x00000022   Code   RO          309    .text.TIM_TI1_ConfigInputStage  stm32f1xx_hal_tim.o
    0x080019f2   0x080019f2   0x00000002   PAD
    0x080019f4   0x080019f4   0x00000024   Code   RO          313    .text.TIM_TI2_ConfigInputStage  stm32f1xx_hal_tim.o
    0x08001a18   0x08001a18   0x00000010   Code   RO          923    .text.UART_DMAAbortOnError  stm32f1xx_hal_uart.o
    0x08001a28   0x08001a28   0x0000002c   Code   RO          885    .text.UART_EndRxTransfer  stm32f1xx_hal_uart.o
    0x08001a54   0x08001a54   0x00000018   Code   RO          931    .text.UART_EndTransmit_IT  stm32f1xx_hal_uart.o
    0x08001a6c   0x08001a6c   0x000000b4   Code   RO          921    .text.UART_Receive_IT  stm32f1xx_hal_uart.o
    0x08001b20   0x08001b20   0x0000008e   Code   RO          841    .text.UART_SetConfig  stm32f1xx_hal_uart.o
    0x08001bae   0x08001bae   0x00000002   PAD
    0x08001bb0   0x08001bb0   0x00000032   Code   RO          863    .text.UART_Start_Receive_IT  stm32f1xx_hal_uart.o
    0x08001be2   0x08001be2   0x00000002   PAD
    0x08001be4   0x08001be4   0x00000052   Code   RO          929    .text.UART_Transmit_IT  stm32f1xx_hal_uart.o
    0x08001c36   0x08001c36   0x00000002   PAD
    0x08001c38   0x08001c38   0x00000064   Code   RO          855    .text.UART_WaitOnFlagUntilTimeout  stm32f1xx_hal_uart.o
    0x08001c9c   0x08001c9c   0x00000010   Code   RO           84    .text.USART1_IRQHandler  stm32f1xx_it.o
    0x08001cac   0x08001cac   0x00000002   Code   RO           74    .text.UsageFault_Handler  stm32f1xx_it.o
    0x08001cae   0x08001cae   0x00000002   PAD
    0x08001cb0   0x08001cb0   0x00000020   Code   RO          638    .text.__NVIC_EnableIRQ  stm32f1xx_hal_cortex.o
    0x08001cd0   0x08001cd0   0x00000010   Code   RO          630    .text.__NVIC_GetPriorityGrouping  stm32f1xx_hal_cortex.o
    0x08001ce0   0x08001ce0   0x00000022   Code   RO          632    .text.__NVIC_SetPriority  stm32f1xx_hal_cortex.o
    0x08001d02   0x08001d02   0x00000002   PAD
    0x08001d04   0x08001d04   0x00000020   Code   RO          626    .text.__NVIC_SetPriorityGrouping  stm32f1xx_hal_cortex.o
    0x08001d24   0x08001d24   0x00000022   Code   RO         1004    .text.fputc         uart.o
    0x08001d46   0x08001d46   0x00000002   PAD
    0x08001d48   0x08001d48   0x00000022   Code   RO          995    .text.key_scan      key.o
    0x08001d6a   0x08001d6a   0x00000002   PAD
    0x08001d6c   0x08001d6c   0x00000016   Code   RO          986    .text.led_off       led.o
    0x08001d82   0x08001d82   0x00000002   PAD
    0x08001d84   0x08001d84   0x00000016   Code   RO          984    .text.led_on        led.o
    0x08001d9a   0x08001d9a   0x00000002   PAD
    0x08001d9c   0x08001d9c   0x00000030   Code   RO         1026    .text.left_motor_forward  motor.o
    0x08001dcc   0x08001dcc   0x00000030   Code   RO         1028    .text.left_motor_reverse  motor.o
    0x08001dfc   0x08001dfc   0x00000038   Code   RO         1030    .text.left_motor_stop  motor.o
    0x08001e34   0x08001e34   0x0000001e   Code   RO           11    .text.main          main.o
    0x08001e52   0x08001e52   0x00000002   PAD
    0x08001e54   0x08001e54   0x00000010   Code   RO         1038    .text.motor_forward  motor.o
    0x08001e64   0x08001e64   0x00000010   Code   RO         1040    .text.motor_reverse  motor.o
    0x08001e74   0x08001e74   0x0000000c   Code   RO         1046    .text.motor_stop    motor.o
    0x08001e80   0x08001e80   0x00000076   Code   RO         1048    .text.motor_test    motor.o
    0x08001ef6   0x08001ef6   0x00000002   PAD
    0x08001ef8   0x08001ef8   0x00000010   Code   RO         1042    .text.motor_turn_left  motor.o
    0x08001f08   0x08001f08   0x00000010   Code   RO         1044    .text.motor_turn_right  motor.o
    0x08001f18   0x08001f18   0x00000030   Code   RO         1032    .text.right_motor_forward  motor.o
    0x08001f48   0x08001f48   0x00000030   Code   RO         1034    .text.right_motor_reverse  motor.o
    0x08001f78   0x08001f78   0x00000038   Code   RO         1036    .text.right_motor_stop  motor.o
    0x08001fb0   0x08001fb0   0x0000001c   Code   RO         1010    .text.uart_interrupt_idel_init  uart.o
    0x08001fcc   0x08001fcc   0x0000001c   Code   RO         1006    .text.uart_interrupt_init  uart.o
    0x08001fe8   0x08001fe8   0x00000020   Code   RO         1155    i.__0printf$3       mc_w.l(printf3.o)
    0x08002008   0x08002008   0x0000000e   Code   RO         1378    i.__scatterload_copy  mc_w.l(handlers.o)
    0x08002016   0x08002016   0x00000002   Code   RO         1379    i.__scatterload_null  mc_w.l(handlers.o)
    0x08002018   0x08002018   0x0000000e   Code   RO         1380    i.__scatterload_zeroinit  mc_w.l(handlers.o)
    0x08002026   0x08002026   0x00000002   PAD
    0x08002028   0x08002028   0x000001b8   Code   RO         1162    i._printf_core      mc_w.l(printf3.o)
    0x080021e0   0x080021e0   0x00000024   Code   RO         1060    i.puts              mc_w.l(puts.o)
    0x08002204   0x08002204   0x00000010   Data   RO          972    .rodata.AHBPrescTable  system_stm32f1xx.o
    0x08002214   0x08002214   0x00000008   Data   RO          973    .rodata.APBPrescTable  system_stm32f1xx.o
    0x0800221c   0x0800221c   0x00000008   Data   RO         1017    .rodata.str1.1      uart.o
    0x08002224   0x08002224   0x00000020   Data   RO         1377    Region$$Table       anon$$obj.o


    Execution Region RW_IRAM1 (Exec base: 0x20000000, Load base: 0x08002248, Size: 0x000008a0, Max: 0x00005000, ABSOLUTE)

    Exec Addr    Load Addr    Size         Type   Attr      Idx    E Section Name        Object

    0x20000000   0x08002248   0x00000004   Data   RW         1341    .data               mc_w.l(stdout.o)
    0x20000004   0x0800224c   0x00000004   Data   RW          971    .data.SystemCoreClock  system_stm32f1xx.o
    0x20000008   0x08002250   0x00000001   Data   RW          504    .data.uwTickFreq    stm32f1xx_hal.o
    0x20000009   0x08002251   0x00000003   PAD
    0x2000000c   0x08002254   0x00000004   Data   RW          503    .data.uwTickPrio    stm32f1xx_hal.o
    0x20000010        -       0x00000048   Zero   RW           42    .bss.htim3          tim.o
    0x20000058        -       0x00000044   Zero   RW           57    .bss.huart1         usart.o
    0x2000009c        -       0x00000400   Zero   RW         1016    .bss.uart1_rx_buf   uart.o
    0x2000049c        -       0x00000004   Zero   RW          505    .bss.uwTick         stm32f1xx_hal.o
    0x200004a0        -       0x00000400   Zero   RW            1    STACK               startup_stm32f103xb.o


==============================================================================

Image component sizes


      Code (inc. data)   RO Data    RW Data    ZI Data      Debug   Object Name

       162          0          0          0          0       1572   gpio.o
        34          0          0          0          0       1051   key.o
        44          0          0          0          0       1121   led.o
       136          0          0          0          0       1641   main.o
       498          0          0          0          0       3483   motor.o
        36          8        236          0       1024        780   startup_stm32f103xb.o
       196          0          0          5          4       5729   stm32f1xx_hal.o
       258          0          0          0          0       8704   stm32f1xx_hal_cortex.o
       228          0          0          0          0       7424   stm32f1xx_hal_dma.o
       526         20          0          0          0       4660   stm32f1xx_hal_gpio.o
        50          0          0          0          0        929   stm32f1xx_hal_msp.o
      1384         20          0          0          0       7084   stm32f1xx_hal_rcc.o
      1504          4          0          0          0      42262   stm32f1xx_hal_tim.o
       118          0          0          0          0      17548   stm32f1xx_hal_tim_ex.o
      1552          0          0          0          0      20609   stm32f1xx_hal_uart.o
        40          0          0          0          0       1679   stm32f1xx_it.o
         2          0         24          4          0       1679   system_stm32f1xx.o
       450          0          0          0         72       5475   tim.o
       282         48          8          0       1024       4550   uart.o
       198          0          0          0         68       5201   usart.o

    ----------------------------------------------------------------------
      7796        100        300         12       2192     143181   Object Totals
         0          0         32          0          0          0   (incl. Generated)
        98          0          0          3          0          0   (incl. Padding)

    ----------------------------------------------------------------------

      Code (inc. data)   RO Data    RW Data    ZI Data      Debug   Library Member Name

         0          0          0          0          0          0   entry.o
         0          0          0          0          0          0   entry10a.o
         0          0          0          0          0          0   entry11a.o
         8          4          0          0          0          0   entry2.o
         4          0          0          0          0          0   entry5.o
         0          0          0          0          0          0   entry7b.o
         0          0          0          0          0          0   entry8b.o
         8          4          0          0          0          0   entry9a.o
        30          0          0          0          0          0   handlers.o
        36          8          0          0          0         68   init.o
        36          0          0          0          0        108   memseta.o
       472         14          0          0          0        184   printf3.o
        36          6          0          0          0         80   puts.o
         0          0          0          4          0          0   stdout.o
        44          0          0          0          0         80   uidiv.o

    ----------------------------------------------------------------------
       676         36          0          4          0        520   Library Totals
         2          0          0          0          0          0   (incl. Padding)

    ----------------------------------------------------------------------

      Code (inc. data)   RO Data    RW Data    ZI Data      Debug   Library Name

       674         36          0          4          0        520   mc_w.l

    ----------------------------------------------------------------------
       676         36          0          4          0        520   Library Totals

    ----------------------------------------------------------------------

==============================================================================


      Code (inc. data)   RO Data    RW Data    ZI Data      Debug   

      8472        136        300         16       2192     143337   Grand Totals
      8472        136        300         16       2192     143337   ELF Image Totals
      8472        136        300         16          0          0   ROM Totals

==============================================================================

    Total RO  Size (Code + RO Data)                 8772 (   8.57kB)
    Total RW  Size (RW Data + ZI Data)              2208 (   2.16kB)
    Total ROM Size (Code + RO Data + RW Data)       8788 (   8.58kB)

==============================================================================

